** Drc report for Buzzer PCB V3 (rerouted traces).kicad_pcb **
** Created on 2026-06-27T15:53:13 **
** Report includes: Errors, Warnings **

** Found 263 DRC violations **
[shorting_items]: Items shorting two nets (nets /GND and /OLED_CONFIRM)
    Local override; error
    @(101.0000 mm, 74.5000 mm): PTH pad 1 [/GND] of 
    @(99.7500 mm, 76.2500 mm): Track [/OLED_CONFIRM] on F.Cu, length 1.7678 mm
[shorting_items]: Items shorting two nets (nets /BTN_UP_GPIO21 and /VBAT_SENSE_A1)
    Local override; error
    @(110.3650 mm, 78.4100 mm): PTH pad 22 [/BTN_UP_GPIO21] of J10
    @(108.1500 mm, 82.2500 mm): Track [/VBAT_SENSE_A1] on B.Cu, length 3.1325 mm
[shorting_items]: Items shorting two nets (nets /SCL and /SW_BAT)
    Local override; error
    @(125.6050 mm, 58.0900 mm): PTH pad 4 [/SCL] of J10
    @(125.6050 mm, 61.6950 mm): Track [/SW_BAT] on B.Cu, length 3.6050 mm
[shorting_items]: Items shorting two nets (nets /BTN_UP_GPIO21 and /VBAT_SENSE_A1)
    Local override; error
    @(97.2500 mm, 87.7500 mm): PTH pad 6 [/BTN_UP_GPIO21] of J11
    @(97.2500 mm, 87.7500 mm): Track [/VBAT_SENSE_A1] on B.Cu, length 0.7500 mm
[shorting_items]: Items shorting two nets (nets unconnected-(J10-SCK_ESP18-Pad18) and /VBAT_SENSE_A1)
    Local override; error
    @(120.5250 mm, 78.4100 mm): PTH pad 18 [unconnected-(J10-SCK_ESP18-Pad18)] of J10
    @(115.0000 mm, 78.4100 mm): Track [/VBAT_SENSE_A1] on B.Cu, length 5.0000 mm
[shorting_items]: Items shorting two nets (nets /SCL and /SW_BAT)
    Local override; error
    @(94.7100 mm, 87.7500 mm): PTH pad 7 [/SCL] of J11
    @(94.7100 mm, 87.7500 mm): Track [/SW_BAT] on B.Cu, length 4.4600 mm
[shorting_items]: Items shorting two nets (nets /BTN_UP_GPIO21 and /VBAT_SENSE_A1)
    Local override; error
    @(97.2500 mm, 87.7500 mm): PTH pad 6 [/BTN_UP_GPIO21] of J11
    @(98.0000 mm, 87.7500 mm): Track [/VBAT_SENSE_A1] on B.Cu, length 0.0566 mm
[shorting_items]: Items shorting two nets (nets /VBAT_SENSE_A1 and /BTN_NEXT_GPIO4)
    Local override; error
    @(115.4450 mm, 78.8449 mm): Track [/VBAT_SENSE_A1] on B.Cu, length 0.4349 mm
    @(115.4450 mm, 78.4100 mm): PTH pad 20 [/BTN_NEXT_GPIO4] of J10
[shorting_items]: Items shorting two nets (nets /VBAT_SENSE_A1 and /BTN_BACK_GPIO3)
    Local override; error
    @(113.1500 mm, 84.7500 mm): Track [/VBAT_SENSE_A1] on B.Cu, length 6.8377 mm
    @(117.9850 mm, 78.4100 mm): PTH pad 19 [/BTN_BACK_GPIO3] of J10
[shorting_items]: Items shorting two nets (nets /BUZZER_BASE and /BUZZER_BASE3)
    Local override; error
    @(174.0000 mm, 105.2500 mm): PTH pad 2 [/BUZZER_BASE] of Q1
    @(174.0000 mm, 105.2500 mm): Track [/BUZZER_BASE3] on B.Cu, length 2.7500 mm
[clearance]: Clearance violation (netclass 'Default' clearance 0.5000 mm; actual 0.4425 mm)
    Rule: netclass 'Default'; error
    @(125.6050 mm, 58.0900 mm): PTH pad 4 [/SCL] of J10
    @(117.9000 mm, 62.4000 mm): Track [/SW_BAT] on B.Cu, length 7.0000 mm
[shorting_items]: Items shorting two nets (nets /VBAT_SENSE_A1 and /BTN_DOWN_GPIO5)
    Local override; error
    @(99.7900 mm, 87.7500 mm): Track [/VBAT_SENSE_A1] on B.Cu, length 3.4400 mm
    @(99.7900 mm, 87.7500 mm): PTH pad 5 [/BTN_DOWN_GPIO5] of J11
[shorting_items]: Items shorting two nets (nets /BUZZER_BASE3 and /BUZZER_BASE)
    Local override; error
    @(157.0800 mm, 52.6000 mm): Track [/BUZZER_BASE3] on B.Cu, length 5.6500 mm
    @(157.0800 mm, 58.2500 mm): PTH pad 2 [/BUZZER_BASE] of R1-1
[shorting_items]: Items shorting two nets (nets /VBAT_SENSE_A1 and /BTN_UP_GPIO21)
    Local override; error
    @(98.0400 mm, 87.7100 mm): Track [/VBAT_SENSE_A1] on B.Cu, length 1.1849 mm
    @(97.2500 mm, 87.7500 mm): PTH pad 6 [/BTN_UP_GPIO21] of J11
[shorting_items]: Items shorting two nets (nets /BUZZER_BASE2 and /SW_BAT)
    Local override; error
    @(148.0000 mm, 69.2500 mm): Track [/BUZZER_BASE2] on B.Cu, length 33.1700 mm
    @(115.0000 mm, 68.2500 mm): PTH pad 1 [/SW_BAT] of R4
[clearance]: Clearance violation (netclass 'Default' clearance 0.5000 mm; actual 0.3496 mm)
    Rule: netclass 'Default'; error
    @(105.2850 mm, 58.0900 mm): Track [/SW_BAT] on B.Cu, length 14.0573 mm
    @(112.8400 mm, 64.4000 mm): Track [/D13_BUZZER_GPIO13] on B.Cu, length 6.2450 mm
[shorting_items]: Items shorting two nets (nets /SW_BAT and /SCL)
    Local override; error
    @(124.9000 mm, 62.4000 mm): Track [/SW_BAT] on B.Cu, length 0.9970 mm
    @(125.6050 mm, 58.0900 mm): PTH pad 4 [/SCL] of J10
[clearance]: Clearance violation (netclass 'Default' clearance 0.5000 mm; actual 0.4300 mm)
    Rule: netclass 'Default'; error
    @(102.3300 mm, 85.5700 mm): Track [/VBAT_SENSE_A1] on B.Cu, length 2.6446 mm
    @(102.3300 mm, 87.7500 mm): PTH pad 4 [/BTN_NEXT_GPIO4] of J11
[shorting_items]: Items shorting two nets (nets /BTN_UP_GPIO21 and /VBAT_SENSE_A1)
    Local override; error
    @(97.2500 mm, 87.7500 mm): PTH pad 6 [/BTN_UP_GPIO21] of J11
    @(98.0400 mm, 86.5251 mm): Track [/VBAT_SENSE_A1] on B.Cu, length 1.4497 mm
[shorting_items]: Items shorting two nets (nets /BTN_BACK_GPIO3 and /VBAT_SENSE_A1)
    Local override; error
    @(117.9850 mm, 78.4100 mm): PTH pad 19 [/BTN_BACK_GPIO3] of J10
    @(117.9850 mm, 79.9150 mm): Track [/VBAT_SENSE_A1] on B.Cu, length 1.5050 mm
[shorting_items]: Items shorting two nets (nets /VBAT_SENSE_A1 and /BTN_DOWN_GPIO5)
    Local override; error
    @(107.8250 mm, 78.4100 mm): Track [/VBAT_SENSE_A1] on B.Cu, length 7.1750 mm
    @(112.9050 mm, 78.4100 mm): PTH pad 21 [/BTN_DOWN_GPIO5] of J10
[shorting_items]: Items shorting two nets (nets /BUZZER_BASE and /BUZZER_BASE3)
    Local override; error
    @(123.0000 mm, 64.4000 mm): PTH pad 1 [/BUZZER_BASE] of R1
    @(133.8500 mm, 64.4000 mm): Track [/BUZZER_BASE3] on B.Cu, length 10.8500 mm
[shorting_items]: Items shorting two nets (nets /VBAT_SENSE_A1 and /BTN_DOWN_GPIO5)
    Local override; error
    @(112.9050 mm, 76.5950 mm): Track [/VBAT_SENSE_A1] on B.Cu, length 1.8150 mm
    @(112.9050 mm, 78.4100 mm): PTH pad 21 [/BTN_DOWN_GPIO5] of J10
[shorting_items]: Items shorting two nets (nets /VBAT_SENSE_A1 and /BTN_UP_GPIO21)
    Local override; error
    @(110.3650 mm, 80.0350 mm): Track [/VBAT_SENSE_A1] on B.Cu, length 1.6250 mm
    @(110.3650 mm, 78.4100 mm): PTH pad 22 [/BTN_UP_GPIO21] of J10
[shorting_items]: Items shorting two nets (nets /BUZZER_BASE3 and /BUZZER_BASE)
    Local override; error
    @(157.0800 mm, 58.2500 mm): Track [/BUZZER_BASE3] on B.Cu, length 5.3033 mm
    @(157.0800 mm, 58.2500 mm): PTH pad 2 [/BUZZER_BASE] of R1-1
[shorting_items]: Items shorting two nets (nets /VBAT_SENSE_A1 and /BTN_NEXT_GPIO4)
    Local override; error
    @(110.5899 mm, 83.7000 mm): Track [/VBAT_SENSE_A1] on B.Cu, length 6.8662 mm
    @(115.4450 mm, 78.4100 mm): PTH pad 20 [/BTN_NEXT_GPIO4] of J10
[shorting_items]: Items shorting two nets (nets /BTN_NEXT_GPIO4 and /VBAT_SENSE_A1)
    Local override; error
    @(102.3300 mm, 87.7500 mm): PTH pad 4 [/BTN_NEXT_GPIO4] of J11
    @(102.3300 mm, 87.7500 mm): Track [/VBAT_SENSE_A1] on B.Cu, length 2.1800 mm
[clearance]: Clearance violation (netclass 'Default' clearance 0.5000 mm; actual 0.0650 mm)
    Rule: netclass 'Default'; error
    @(115.0000 mm, 74.5000 mm): Track [/VBAT_SENSE_A1] on B.Cu, length 2.9628 mm
    @(112.9050 mm, 78.4100 mm): PTH pad 21 [/BTN_DOWN_GPIO5] of J10
[shorting_items]: Items shorting two nets (nets /BTN_BACK_GPIO3 and /VBAT_SENSE_A1)
    Local override; error
    @(104.8700 mm, 87.7500 mm): PTH pad 3 [/BTN_BACK_GPIO3] of J11
    @(104.8700 mm, 87.7500 mm): Track [/VBAT_SENSE_A1] on B.Cu, length 3.0000 mm
[clearance]: Clearance violation (netclass 'Default' clearance 0.5000 mm; actual 0.1506 mm)
    Rule: netclass 'Default'; error
    @(99.7500 mm, 81.5000 mm): Track [/OLED_CONFIRM] on F.Cu, length 5.2500 mm
    @(101.0000 mm, 74.5000 mm): PTH pad 1 [/GND] of 
[shorting_items]: Items shorting two nets (nets /GND and /OLED_CONFIRM)
    Local override; error
    @(101.0000 mm, 74.5000 mm): PTH pad 1 [/GND] of 
    @(101.0000 mm, 75.0000 mm): Track [/OLED_CONFIRM] on F.Cu, length 32.2250 mm
[clearance]: Clearance violation (netclass 'Default' clearance 0.5000 mm; actual 0.0150 mm)
    Rule: netclass 'Default'; error
    @(120.0000 mm, 78.4100 mm): PTH pad 1 [/VBAT_SENSE_A1] of R5
    @(117.9850 mm, 78.4100 mm): PTH pad 19 [/BTN_BACK_GPIO3] of J10
[shorting_items]: Items shorting two nets (nets /VBAT_SENSE_A1 and unconnected-(J10-SCK_ESP18-Pad18))
    Local override; error
    @(120.0000 mm, 78.4100 mm): PTH pad 1 [/VBAT_SENSE_A1] of R5
    @(120.5250 mm, 78.4100 mm): PTH pad 18 [unconnected-(J10-SCK_ESP18-Pad18)] of J10
[shorting_items]: Items shorting two nets (nets unconnected-(J6-INT-Pad8) and unconnected-(J6-CS-Pad7))
    Local override; error
    @(146.5500 mm, 107.1500 mm): PTH pad 8 [unconnected-(J6-INT-Pad8)] of J6
    @(146.5500 mm, 104.6100 mm): PTH pad 7 [unconnected-(J6-CS-Pad7)] of J6
[shorting_items]: Items shorting two nets (nets unconnected-(J6-CS-Pad7) and /SDA)
    Local override; error
    @(146.5500 mm, 104.6100 mm): PTH pad 7 [unconnected-(J6-CS-Pad7)] of J6
    @(146.5500 mm, 102.0700 mm): PTH pad 6 [/SDA] of J6
[shorting_items]: Items shorting two nets (nets /SDA and unconnected-(J6-SDO{slash}ADR-Pad5))
    Local override; error
    @(146.5500 mm, 102.0700 mm): PTH pad 6 [/SDA] of J6
    @(146.5500 mm, 99.5300 mm): PTH pad 5 [unconnected-(J6-SDO/ADR-Pad5)] of J6
[shorting_items]: Items shorting two nets (nets /SW_BAT and /BUZZER_BASE2)
    Local override; error
    @(115.0000 mm, 68.2500 mm): PTH pad 1 [/SW_BAT] of R4
    @(114.8300 mm, 69.2500 mm): PTH pad 1 [/BUZZER_BASE2] of R2
[shorting_items]: Items shorting two nets (nets unconnected-(J6-SDO{slash}ADR-Pad5) and /SCL)
    Local override; error
    @(146.5500 mm, 99.5300 mm): PTH pad 5 [unconnected-(J6-SDO/ADR-Pad5)] of J6
    @(146.5500 mm, 96.9900 mm): PTH pad 4 [/SCL] of J6
[shorting_items]: Items shorting two nets (nets /VBAT_SENSE_A1 and unconnected-(J10-GPIO1{slash}ESP12-Pad8))
    Local override; error
    @(115.0000 mm, 58.0900 mm): PTH pad 2 [/VBAT_SENSE_A1] of R4
    @(115.4450 mm, 58.0900 mm): PTH pad 8 [unconnected-(J10-GPIO1/ESP12-Pad8)] of J10
[shorting_items]: Items shorting two nets (nets /SCL and /GND)
    Local override; error
    @(146.5500 mm, 96.9900 mm): PTH pad 4 [/SCL] of J6
    @(146.5500 mm, 94.4500 mm): PTH pad 3 [/GND] of J6
[clearance]: Clearance violation (netclass 'Default' clearance 0.5000 mm; actual 0.0950 mm)
    Rule: netclass 'Default'; error
    @(115.0000 mm, 58.0900 mm): PTH pad 2 [/VBAT_SENSE_A1] of R4
    @(112.9050 mm, 58.0900 mm): PTH pad 9 [/D13_BUZZER_GPIO13] of J10
[shorting_items]: Items shorting two nets (nets /GND and unconnected-(J6-3V3-Pad2))
    Local override; error
    @(146.5500 mm, 94.4500 mm): PTH pad 3 [/GND] of J6
    @(146.5500 mm, 91.9100 mm): PTH pad 2 [unconnected-(J6-3V3-Pad2)] of J6
[shorting_items]: Items shorting two nets (nets unconnected-(J6-3V3-Pad2) and /3V3)
    Local override; error
    @(146.5500 mm, 91.9100 mm): PTH pad 2 [unconnected-(J6-3V3-Pad2)] of J6
    @(146.5500 mm, 89.3700 mm): PTH pad 1 [/3V3] of J6
[pth_inside_courtyard]: PTH inside courtyard
    Local override; error
    @(115.4450 mm, 58.0900 mm): PTH pad 8 [unconnected-(J10-GPIO1/ESP12-Pad8)] of J10
    @(115.0000 mm, 68.2500 mm): Footprint R4
[pth_inside_courtyard]: PTH inside courtyard
    Local override; error
    @(120.5250 mm, 78.4100 mm): PTH pad 18 [unconnected-(J10-SCK_ESP18-Pad18)] of J10
    @(120.0000 mm, 78.4100 mm): Footprint R5
[courtyards_overlap]: Courtyards overlap
    Rule: board setup constraints courtyard; error
    @(115.0000 mm, 68.2500 mm): Footprint R4
    @(114.8300 mm, 69.2500 mm): Footprint R2
[pth_inside_courtyard]: PTH inside courtyard
    Local override; error
    @(114.8300 mm, 69.2500 mm): PTH pad 1 [/BUZZER_BASE2] of R2
    @(115.0000 mm, 68.2500 mm): Footprint R4
[pth_inside_courtyard]: PTH inside courtyard
    Local override; error
    @(115.0000 mm, 68.2500 mm): PTH pad 1 [/SW_BAT] of R4
    @(114.8300 mm, 69.2500 mm): Footprint R2
[courtyards_overlap]: Courtyards overlap
    Rule: board setup constraints courtyard; error
    @(115.0000 mm, 68.2500 mm): Footprint R4
    @(123.0000 mm, 64.4000 mm): Footprint R1
[solder_mask_bridge]: Rear solder mask aperture bridges items with different nets
    Rule: board setup solder mask min width; error
    @(133.8500 mm, 64.4000 mm): Track [/BUZZER_BASE3] on B.Cu, length 10.8500 mm
    @(123.0000 mm, 64.4000 mm): PTH pad 1 [/BUZZER_BASE] of R1
[solder_mask_bridge]: Front solder mask aperture bridges items with different nets
    Rule: board setup solder mask min width; error
    @(115.4450 mm, 58.0900 mm): PTH pad 8 [unconnected-(J10-GPIO1/ESP12-Pad8)] of J10
    @(115.0000 mm, 58.0900 mm): PTH pad 2 [/VBAT_SENSE_A1] of R4
[solder_mask_bridge]: Front solder mask aperture bridges items with different nets
    Rule: board setup solder mask min width; error
    @(146.5500 mm, 107.1500 mm): PTH pad 8 [unconnected-(J6-INT-Pad8)] of J6
    @(146.5500 mm, 104.6100 mm): PTH pad 7 [unconnected-(J6-CS-Pad7)] of J6
[solder_mask_bridge]: Rear solder mask aperture bridges items with different nets
    Rule: board setup solder mask min width; error
    @(146.5500 mm, 107.1500 mm): PTH pad 8 [unconnected-(J6-INT-Pad8)] of J6
    @(146.5500 mm, 104.6100 mm): PTH pad 7 [unconnected-(J6-CS-Pad7)] of J6
[solder_mask_bridge]: Rear solder mask aperture bridges items with different nets
    Rule: board setup solder mask min width; error
    @(157.0800 mm, 58.2500 mm): Track [/BUZZER_BASE3] on B.Cu, length 5.3033 mm
    @(157.0800 mm, 58.2500 mm): PTH pad 2 [/BUZZER_BASE] of R1-1
[solder_mask_bridge]: Rear solder mask aperture bridges items with different nets
    Rule: board setup solder mask min width; error
    @(110.5899 mm, 83.7000 mm): Track [/VBAT_SENSE_A1] on B.Cu, length 6.8662 mm
    @(115.4450 mm, 78.4100 mm): PTH pad 20 [/BTN_NEXT_GPIO4] of J10
[solder_mask_bridge]: Rear solder mask aperture bridges items with different nets
    Rule: board setup solder mask min width; error
    @(115.4450 mm, 58.0900 mm): PTH pad 8 [unconnected-(J10-GPIO1/ESP12-Pad8)] of J10
    @(115.0000 mm, 58.0900 mm): PTH pad 2 [/VBAT_SENSE_A1] of R4
[solder_mask_bridge]: Rear solder mask aperture bridges items with different nets
    Rule: board setup solder mask min width; error
    @(102.3300 mm, 87.7500 mm): Track [/VBAT_SENSE_A1] on B.Cu, length 2.1800 mm
    @(102.3300 mm, 87.7500 mm): PTH pad 4 [/BTN_NEXT_GPIO4] of J11
[solder_mask_bridge]: Front solder mask aperture bridges items with different nets
    Rule: board setup solder mask min width; error
    @(101.0000 mm, 75.0000 mm): Track [/OLED_CONFIRM] on F.Cu, length 32.2250 mm
    @(101.0000 mm, 74.5000 mm): PTH pad 1 [/GND] of 
[solder_mask_bridge]: Rear solder mask aperture bridges items with different nets
    Rule: board setup solder mask min width; error
    @(105.2850 mm, 58.0900 mm): Track [/SW_BAT] on B.Cu, length 14.0573 mm
    @(114.8300 mm, 69.2500 mm): PTH pad 1 [/BUZZER_BASE2] of R2
[solder_mask_bridge]: Rear solder mask aperture bridges items with different nets
    Rule: board setup solder mask min width; error
    @(105.2850 mm, 58.0900 mm): Track [/SW_BAT] on B.Cu, length 14.0573 mm
    @(112.8400 mm, 64.4000 mm): PTH pad 2 [/D13_BUZZER_GPIO13] of R1
[solder_mask_bridge]: Front solder mask aperture bridges items with different nets
    Rule: board setup solder mask min width; error
    @(146.5500 mm, 104.6100 mm): PTH pad 7 [unconnected-(J6-CS-Pad7)] of J6
    @(146.5500 mm, 102.0700 mm): PTH pad 6 [/SDA] of J6
[solder_mask_bridge]: Rear solder mask aperture bridges items with different nets
    Rule: board setup solder mask min width; error
    @(124.9000 mm, 62.4000 mm): Track [/SW_BAT] on B.Cu, length 0.9970 mm
    @(125.6050 mm, 58.0900 mm): PTH pad 4 [/SCL] of J10
[solder_mask_bridge]: Front solder mask aperture bridges items with different nets
    Rule: board setup solder mask min width; error
    @(99.7500 mm, 76.2500 mm): Track [/OLED_CONFIRM] on F.Cu, length 1.7678 mm
    @(101.0000 mm, 74.5000 mm): PTH pad 1 [/GND] of 
[solder_mask_bridge]: Rear solder mask aperture bridges items with different nets
    Rule: board setup solder mask min width; error
    @(104.8700 mm, 87.7500 mm): Track [/VBAT_SENSE_A1] on B.Cu, length 3.0000 mm
    @(104.8700 mm, 87.7500 mm): PTH pad 3 [/BTN_BACK_GPIO3] of J11
[solder_mask_bridge]: Rear solder mask aperture bridges items with different nets
    Rule: board setup solder mask min width; error
    @(174.0000 mm, 105.2500 mm): Track [/BUZZER_BASE3] on B.Cu, length 2.7500 mm
    @(174.0000 mm, 105.2500 mm): PTH pad 2 [/BUZZER_BASE] of Q1
[solder_mask_bridge]: Front solder mask aperture bridges items with different nets
    Rule: board setup solder mask min width; error
    @(120.5250 mm, 78.4100 mm): PTH pad 18 [unconnected-(J10-SCK_ESP18-Pad18)] of J10
    @(120.0000 mm, 78.4100 mm): PTH pad 1 [/VBAT_SENSE_A1] of R5
[solder_mask_bridge]: Rear solder mask aperture bridges items with different nets
    Rule: board setup solder mask min width; error
    @(148.0000 mm, 69.2500 mm): Track [/BUZZER_BASE2] on B.Cu, length 33.1700 mm
    @(120.0000 mm, 68.2500 mm): PTH pad 2 [/GND] of R5
[solder_mask_bridge]: Rear solder mask aperture bridges items with different nets
    Rule: board setup solder mask min width; error
    @(146.5500 mm, 104.6100 mm): PTH pad 7 [unconnected-(J6-CS-Pad7)] of J6
    @(146.5500 mm, 102.0700 mm): PTH pad 6 [/SDA] of J6
[solder_mask_bridge]: Rear solder mask aperture bridges items with different nets
    Rule: board setup solder mask min width; error
    @(120.5250 mm, 78.4100 mm): PTH pad 18 [unconnected-(J10-SCK_ESP18-Pad18)] of J10
    @(120.0000 mm, 78.4100 mm): PTH pad 1 [/VBAT_SENSE_A1] of R5
[solder_mask_bridge]: Rear solder mask aperture bridges items with different nets
    Rule: board setup solder mask min width; error
    @(148.0000 mm, 69.2500 mm): Track [/BUZZER_BASE2] on B.Cu, length 33.1700 mm
    @(115.0000 mm, 68.2500 mm): PTH pad 1 [/SW_BAT] of R4
[solder_mask_bridge]: Rear solder mask aperture bridges items with different nets
    Rule: board setup solder mask min width; error
    @(108.1500 mm, 82.2500 mm): Track [/VBAT_SENSE_A1] on B.Cu, length 3.1325 mm
    @(110.3650 mm, 78.4100 mm): PTH pad 22 [/BTN_UP_GPIO21] of J10
[solder_mask_bridge]: Rear solder mask aperture bridges items with different nets
    Rule: board setup solder mask min width; error
    @(157.0800 mm, 52.6000 mm): Track [/BUZZER_BASE3] on B.Cu, length 5.6500 mm
    @(157.0800 mm, 58.2500 mm): PTH pad 2 [/BUZZER_BASE] of R1-1
[solder_mask_bridge]: Rear solder mask aperture bridges items with different nets
    Rule: board setup solder mask min width; error
    @(125.6050 mm, 61.6950 mm): Track [/SW_BAT] on B.Cu, length 3.6050 mm
    @(125.6050 mm, 58.0900 mm): PTH pad 4 [/SCL] of J10
[solder_mask_bridge]: Rear solder mask aperture bridges items with different nets
    Rule: board setup solder mask min width; error
    @(115.4450 mm, 78.8449 mm): Track [/VBAT_SENSE_A1] on B.Cu, length 0.4349 mm
    @(115.4450 mm, 78.4100 mm): PTH pad 20 [/BTN_NEXT_GPIO4] of J10
[solder_mask_bridge]: Front solder mask aperture bridges items with different nets
    Rule: board setup solder mask min width; error
    @(146.5500 mm, 102.0700 mm): PTH pad 6 [/SDA] of J6
    @(146.5500 mm, 99.5300 mm): PTH pad 5 [unconnected-(J6-SDO/ADR-Pad5)] of J6
[solder_mask_bridge]: Rear solder mask aperture bridges items with different nets
    Rule: board setup solder mask min width; error
    @(94.7100 mm, 87.7500 mm): Track [/SW_BAT] on B.Cu, length 4.4600 mm
    @(94.7100 mm, 87.7500 mm): PTH pad 7 [/SCL] of J11
[solder_mask_bridge]: Rear solder mask aperture bridges items with different nets
    Rule: board setup solder mask min width; error
    @(97.2500 mm, 87.7500 mm): Track [/VBAT_SENSE_A1] on B.Cu, length 0.7500 mm
    @(97.2500 mm, 87.7500 mm): PTH pad 6 [/BTN_UP_GPIO21] of J11
[solder_mask_bridge]: Rear solder mask aperture bridges items with different nets
    Rule: board setup solder mask min width; error
    @(113.1500 mm, 84.7500 mm): Track [/VBAT_SENSE_A1] on B.Cu, length 6.8377 mm
    @(117.9850 mm, 78.4100 mm): PTH pad 19 [/BTN_BACK_GPIO3] of J10
[solder_mask_bridge]: Rear solder mask aperture bridges items with different nets
    Rule: board setup solder mask min width; error
    @(115.0000 mm, 78.4100 mm): Track [/VBAT_SENSE_A1] on B.Cu, length 5.0000 mm
    @(115.4450 mm, 78.4100 mm): PTH pad 20 [/BTN_NEXT_GPIO4] of J10
[solder_mask_bridge]: Rear solder mask aperture bridges items with different nets
    Rule: board setup solder mask min width; error
    @(146.5500 mm, 102.0700 mm): PTH pad 6 [/SDA] of J6
    @(146.5500 mm, 99.5300 mm): PTH pad 5 [unconnected-(J6-SDO/ADR-Pad5)] of J6
[solder_mask_bridge]: Front solder mask aperture bridges items with different nets
    Rule: board setup solder mask min width; error
    @(146.5500 mm, 99.5300 mm): PTH pad 5 [unconnected-(J6-SDO/ADR-Pad5)] of J6
    @(146.5500 mm, 96.9900 mm): PTH pad 4 [/SCL] of J6
[solder_mask_bridge]: Rear solder mask aperture bridges items with different nets
    Rule: board setup solder mask min width; error
    @(99.7900 mm, 87.7500 mm): Track [/VBAT_SENSE_A1] on B.Cu, length 3.4400 mm
    @(99.7900 mm, 87.7500 mm): PTH pad 5 [/BTN_DOWN_GPIO5] of J11
[solder_mask_bridge]: Rear solder mask aperture bridges items with different nets
    Rule: board setup solder mask min width; error
    @(98.0400 mm, 87.7100 mm): Track [/VBAT_SENSE_A1] on B.Cu, length 1.1849 mm
    @(97.2500 mm, 87.7500 mm): PTH pad 6 [/BTN_UP_GPIO21] of J11
[solder_mask_bridge]: Rear solder mask aperture bridges items with different nets
    Rule: board setup solder mask min width; error
    @(115.0000 mm, 78.4100 mm): Track [/VBAT_SENSE_A1] on B.Cu, length 5.0000 mm
    @(117.9850 mm, 78.4100 mm): PTH pad 19 [/BTN_BACK_GPIO3] of J10
[solder_mask_bridge]: Rear solder mask aperture bridges items with different nets
    Rule: board setup solder mask min width; error
    @(146.5500 mm, 99.5300 mm): PTH pad 5 [unconnected-(J6-SDO/ADR-Pad5)] of J6
    @(146.5500 mm, 96.9900 mm): PTH pad 4 [/SCL] of J6
[solder_mask_bridge]: Rear solder mask aperture bridges items with different nets
    Rule: board setup solder mask min width; error
    @(115.0000 mm, 78.4100 mm): Track [/VBAT_SENSE_A1] on B.Cu, length 5.0000 mm
    @(120.5250 mm, 78.4100 mm): PTH pad 18 [unconnected-(J10-SCK_ESP18-Pad18)] of J10
[solder_mask_bridge]: Rear solder mask aperture bridges items with different nets
    Rule: board setup solder mask min width; error
    @(98.0400 mm, 86.5251 mm): Track [/VBAT_SENSE_A1] on B.Cu, length 1.4497 mm
    @(97.2500 mm, 87.7500 mm): PTH pad 6 [/BTN_UP_GPIO21] of J11
[solder_mask_bridge]: Front solder mask aperture bridges items with different nets
    Rule: board setup solder mask min width; error
    @(146.5500 mm, 96.9900 mm): PTH pad 4 [/SCL] of J6
    @(146.5500 mm, 94.4500 mm): PTH pad 3 [/GND] of J6
[solder_mask_bridge]: Rear solder mask aperture bridges items with different nets
    Rule: board setup solder mask min width; error
    @(117.9850 mm, 79.9150 mm): Track [/VBAT_SENSE_A1] on B.Cu, length 1.5050 mm
    @(117.9850 mm, 78.4100 mm): PTH pad 19 [/BTN_BACK_GPIO3] of J10
[solder_mask_bridge]: Rear solder mask aperture bridges items with different nets
    Rule: board setup solder mask min width; error
    @(146.5500 mm, 96.9900 mm): PTH pad 4 [/SCL] of J6
    @(146.5500 mm, 94.4500 mm): PTH pad 3 [/GND] of J6
[solder_mask_bridge]: Rear solder mask aperture bridges items with different nets
    Rule: board setup solder mask min width; error
    @(98.0000 mm, 87.7500 mm): Track [/VBAT_SENSE_A1] on B.Cu, length 0.0566 mm
    @(97.2500 mm, 87.7500 mm): PTH pad 6 [/BTN_UP_GPIO21] of J11
[solder_mask_bridge]: Front solder mask aperture bridges items with different nets
    Rule: board setup solder mask min width; error
    @(146.5500 mm, 94.4500 mm): PTH pad 3 [/GND] of J6
    @(146.5500 mm, 91.9100 mm): PTH pad 2 [unconnected-(J6-3V3-Pad2)] of J6
[solder_mask_bridge]: Rear solder mask aperture bridges items with different nets
    Rule: board setup solder mask min width; error
    @(107.8250 mm, 78.4100 mm): Track [/VBAT_SENSE_A1] on B.Cu, length 7.1750 mm
    @(110.3650 mm, 78.4100 mm): PTH pad 22 [/BTN_UP_GPIO21] of J10
[solder_mask_bridge]: Rear solder mask aperture bridges items with different nets
    Rule: board setup solder mask min width; error
    @(146.5500 mm, 94.4500 mm): PTH pad 3 [/GND] of J6
    @(146.5500 mm, 91.9100 mm): PTH pad 2 [unconnected-(J6-3V3-Pad2)] of J6
[solder_mask_bridge]: Rear solder mask aperture bridges items with different nets
    Rule: board setup solder mask min width; error
    @(107.8250 mm, 78.4100 mm): Track [/VBAT_SENSE_A1] on B.Cu, length 7.1750 mm
    @(112.9050 mm, 78.4100 mm): PTH pad 21 [/BTN_DOWN_GPIO5] of J10
[solder_mask_bridge]: Rear solder mask aperture bridges items with different nets
    Rule: board setup solder mask min width; error
    @(107.8250 mm, 78.4100 mm): Track [/VBAT_SENSE_A1] on B.Cu, length 7.1750 mm
    @(115.4450 mm, 78.4100 mm): PTH pad 20 [/BTN_NEXT_GPIO4] of J10
[solder_mask_bridge]: Rear solder mask aperture bridges items with different nets
    Rule: board setup solder mask min width; error
    @(112.9050 mm, 76.5950 mm): Track [/VBAT_SENSE_A1] on B.Cu, length 1.8150 mm
    @(112.9050 mm, 78.4100 mm): PTH pad 21 [/BTN_DOWN_GPIO5] of J10
[solder_mask_bridge]: Front solder mask aperture bridges items with different nets
    Rule: board setup solder mask min width; error
    @(146.5500 mm, 91.9100 mm): PTH pad 2 [unconnected-(J6-3V3-Pad2)] of J6
    @(146.5500 mm, 89.3700 mm): PTH pad 1 [/3V3] of J6
[solder_mask_bridge]: Rear solder mask aperture bridges items with different nets
    Rule: board setup solder mask min width; error
    @(110.3650 mm, 80.0350 mm): Track [/VBAT_SENSE_A1] on B.Cu, length 1.6250 mm
    @(110.3650 mm, 78.4100 mm): PTH pad 22 [/BTN_UP_GPIO21] of J10
[solder_mask_bridge]: Rear solder mask aperture bridges items with different nets
    Rule: board setup solder mask min width; error
    @(146.5500 mm, 91.9100 mm): PTH pad 2 [unconnected-(J6-3V3-Pad2)] of J6
    @(146.5500 mm, 89.3700 mm): PTH pad 1 [/3V3] of J6
[solder_mask_bridge]: Front solder mask aperture bridges items with different nets
    Rule: board setup solder mask min width; error
    @(115.0000 mm, 68.2500 mm): PTH pad 1 [/SW_BAT] of R4
    @(114.8300 mm, 69.2500 mm): PTH pad 1 [/BUZZER_BASE2] of R2
[solder_mask_bridge]: Rear solder mask aperture bridges items with different nets
    Rule: board setup solder mask min width; error
    @(115.0000 mm, 68.2500 mm): PTH pad 1 [/SW_BAT] of R4
    @(114.8300 mm, 69.2500 mm): PTH pad 1 [/BUZZER_BASE2] of R2
[track_dangling]: Track has unconnected end
    Local override; warning
    @(74.5000 mm, 87.5000 mm): Track [/3V3] on F.Cu, length 4.2426 mm
[track_dangling]: Track has unconnected end
    Local override; warning
    @(187.2100 mm, 100.7900 mm): Track [/GND] on F.Cu, length 0.0566 mm
[track_dangling]: Track has unconnected end
    Local override; warning
    @(179.3700 mm, 109.0000 mm): Track [/GND] on F.Cu, length 7.8800 mm
[track_dangling]: Track has unconnected end
    Local override; warning
    @(168.4700 mm, 102.2600 mm): Track [/GND] on F.Cu, length 11.7100 mm
[silk_edge_clearance]: Silkscreen clipped by board edge
    Rule: board setup constraints silk; warning
    @(56.8809 mm, 47.9158 mm): Rectangle on Edge.Cuts
    @(67.0000 mm, 124.3240 mm): Segment of U1 on F.Silkscreen
[silk_edge_clearance]: Silkscreen clipped by board edge
    Rule: board setup constraints silk; warning
    @(56.8809 mm, 47.9158 mm): Rectangle on Edge.Cuts
    @(76.0000 mm, 122.6240 mm): Segment of U1 on F.Silkscreen
[silk_edge_clearance]: Silkscreen clipped by board edge
    Rule: board setup constraints silk; warning
    @(56.8809 mm, 47.9158 mm): Rectangle on Edge.Cuts
    @(182.8058 mm, 48.1549 mm): Reference field of REF**
[hole_to_hole]: Drilled hole too close to other hole (board setup constraints min 0.2495 mm; actual 0.0000 mm)
    Rule: board setup constraints; warning
    @(192.9809 mm, 52.5000 mm): NPTH pad of H3
    @(192.9658 mm, 52.4949 mm): NPTH pad of REF**
[hole_to_hole]: Drilled hole too close to other hole (board setup constraints min 0.2495 mm; actual 0.0000 mm)
    Rule: board setup constraints; warning
    @(115.4450 mm, 58.0900 mm): PTH pad 8 [unconnected-(J10-GPIO1/ESP12-Pad8)] of J10
    @(115.0000 mm, 58.0900 mm): PTH pad 2 [/VBAT_SENSE_A1] of R4
[hole_to_hole]: Drilled hole too close to other hole (board setup constraints min 0.2495 mm; actual 0.0000 mm)
    Rule: board setup constraints; warning
    @(120.5250 mm, 78.4100 mm): PTH pad 18 [unconnected-(J10-SCK_ESP18-Pad18)] of J10
    @(120.0000 mm, 78.4100 mm): PTH pad 1 [/VBAT_SENSE_A1] of R5
[hole_to_hole]: Drilled hole too close to other hole (board setup constraints min 0.2495 mm; actual 0.2143 mm)
    Rule: board setup constraints; warning
    @(114.8300 mm, 69.2500 mm): PTH pad 1 [/BUZZER_BASE2] of R2
    @(115.0000 mm, 68.2500 mm): PTH pad 1 [/SW_BAT] of R4
[lib_footprint_mismatch]: Footprint 'TO-92_Inline' does not match copy in library 'Package_TO_SOT_THT'
    Local override; warning
    @(172.7300 mm, 105.2500 mm): Footprint Q1
[lib_footprint_mismatch]: Footprint 'MountingHole_3.2mm_M3' does not match copy in library 'MountingHole'
    Local override; warning
    @(192.9809 mm, 52.5000 mm): Footprint H3
[lib_footprint_mismatch]: Footprint 'SparkFun_Thing_Plus_ESP32_WROOM_C_Header' does not match copy in library 'Vario_Buzzer_V2'
    Local override; warning
    @(111.0000 mm, 68.2500 mm): Footprint J10
[lib_footprint_mismatch]: Footprint 'Ceramic_Cap_0.1uF_P5.00mm_V1' does not match copy in library 'Vario_Buzzer_V2'
    Local override; warning
    @(74.5000 mm, 90.0000 mm): Footprint C2
[lib_footprint_mismatch]: Footprint 'D_DO-41_SOD81_P10.16mm_Horizontal' does not match copy in library 'Diode_THT'
    Local override; warning
    @(181.5000 mm, 93.7500 mm): Footprint D2
[lib_footprint_mismatch]: Footprint 'Comidox_5V_Booster_10.75x10.75_3Pin' does not match copy in library 'Vario_Buzzer_V2'
    Local override; warning
    @(149.5400 mm, 62.0000 mm): Footprint U2
[lib_footprint_mismatch]: Footprint 'TP4057_Module_12.2x18.5' does not match copy in library 'Vario_Buzzer_V2'
    Local override; warning
    @(71.5000 mm, 111.2000 mm): Footprint U1
[lib_footprint_mismatch]: Footprint 'TO-92_Inline' does not match copy in library 'Package_TO_SOT_THT'
    Local override; warning
    @(188.4800 mm, 105.2500 mm): Footprint Q3
[lib_footprint_mismatch]: Footprint 'MountingHole_3.2mm_M3' does not match copy in library 'MountingHole'
    Local override; warning
    @(61.5000 mm, 52.5000 mm): Footprint H1
[lib_footprint_mismatch]: Footprint 'SparkFun_6DoF_LSM6DSV16X_Qwiic_Board' does not match copy in library 'Vario_Buzzer_V2'
    Local override; warning
    @(182.8058 mm, 62.6549 mm): Footprint REF**
[lib_footprint_mismatch]: Footprint 'GPS_M100_15x15_4Pin_Back' does not match copy in library 'Vario_Buzzer_V2'
    Local override; warning
    @(151.5000 mm, 76.0000 mm): Footprint J5
[lib_footprint_mismatch]: Footprint 'TO-92_Inline' does not match copy in library 'Package_TO_SOT_THT'
    Local override; warning
    @(180.6050 mm, 105.2500 mm): Footprint Q2
[lib_footprint_mismatch]: Footprint 'Adafruit_SHT41_Breakout_Top' does not match copy in library 'Vario_Buzzer_V2'
    Local override; warning
    @(127.0000 mm, 103.0000 mm): Footprint J7
[lib_footprint_mismatch]: Footprint 'MountingHole_3.2mm_M3' does not match copy in library 'MountingHole'
    Local override; warning
    @(192.9809 mm, 118.3000 mm): Footprint H4
[lib_footprint_mismatch]: Footprint 'SolderWire-0.127sqmm_1x01_D0.48mm_OD1mm' does not match copy in library 'Connector_Wire'
    Local override; warning
    @(145.5000 mm, 54.6000 mm): Footprint REF**
[lib_footprint_issues]: Footprint 'Buzzer_12x8.5mm_P7.62mm_Custom' not found in library 'Buzzer_Beeper'
    Local override; warning
    @(166.5000 mm, 81.5000 mm): Footprint BZ1
[lib_footprint_mismatch]: Footprint 'MountingHole_3.2mm_M3' does not match copy in library 'MountingHole'
    Local override; warning
    @(61.5000 mm, 118.3000 mm): Footprint H2
[lib_footprint_mismatch]: Footprint 'OLED_M16968_59x35_9Pin' does not match copy in library 'Vario_Buzzer_V2'
    Local override; warning
    @(78.1300 mm, 85.7500 mm): Footprint J11
[lib_footprint_issues]: Footprint 'Buzzer_12x8.5mm_P7.62mm_Custom' not found in library 'Buzzer_Beeper'
    Local override; warning
    @(191.2500 mm, 81.5000 mm): Footprint BZ3
[lib_footprint_mismatch]: Footprint 'CP_Radial_D5.0mm_P2.00mm' does not match copy in library 'Capacitor_THT'
    Local override; warning
    @(76.1000 mm, 76.3000 mm): Footprint C1
[lib_footprint_mismatch]: Footprint 'Adafruit_BMP390_Breakout_Top' does not match copy in library 'Vario_Buzzer_V2'
    Local override; warning
    @(152.9000 mm, 98.2600 mm): Footprint J6
[lib_footprint_issues]: Footprint 'Buzzer_12x8.5mm_P7.62mm_Custom' not found in library 'Buzzer_Beeper'
    Local override; warning
    @(178.8750 mm, 81.5000 mm): Footprint BZ2
[lib_footprint_mismatch]: Footprint 'D_DO-41_SOD81_P10.16mm_Horizontal' does not match copy in library 'Diode_THT'
    Local override; warning
    @(173.7500 mm, 93.7500 mm): Footprint D1
[lib_footprint_mismatch]: Footprint 'D_DO-41_SOD81_P10.16mm_Horizontal' does not match copy in library 'Diode_THT'
    Local override; warning
    @(188.5000 mm, 93.7500 mm): Footprint D3
[lib_footprint_mismatch]: Footprint 'R_Axial_DIN0207_L6.3mm_D2.5mm_P10.16mm_Horizontal' does not match copy in library 'Resistor_THT'
    Local override; warning
    @(167.2500 mm, 65.7500 mm): Footprint R1-3
[lib_footprint_mismatch]: Footprint 'JST_PH_S2B-PH-K_1x02_P2.00mm_Horizontal' does not match copy in library 'Connector_JST'
    Local override; warning
    @(63.4000 mm, 82.7000 mm): Footprint J1
[lib_footprint_mismatch]: Footprint 'R_Axial_DIN0207_L6.3mm_D2.5mm_P10.16mm_Horizontal' does not match copy in library 'Resistor_THT'
    Local override; warning
    @(115.0000 mm, 68.2500 mm): Footprint R4
[lib_footprint_mismatch]: Footprint 'R_Axial_DIN0207_L6.3mm_D2.5mm_P10.16mm_Horizontal' does not match copy in library 'Resistor_THT'
    Local override; warning
    @(114.8300 mm, 69.2500 mm): Footprint R2
[lib_footprint_mismatch]: Footprint 'R_Axial_DIN0207_L6.3mm_D2.5mm_P10.16mm_Horizontal' does not match copy in library 'Resistor_THT'
    Local override; warning
    @(120.0000 mm, 78.4100 mm): Footprint R5
[lib_footprint_mismatch]: Footprint 'R_Axial_DIN0207_L6.3mm_D2.5mm_P10.16mm_Horizontal' does not match copy in library 'Resistor_THT'
    Local override; warning
    @(123.0000 mm, 64.4000 mm): Footprint R1
[lib_footprint_mismatch]: Footprint 'R_Axial_DIN0207_L6.3mm_D2.5mm_P10.16mm_Horizontal' does not match copy in library 'Resistor_THT'
    Local override; warning
    @(167.2400 mm, 62.0000 mm): Footprint R1-2
[lib_footprint_mismatch]: Footprint 'R_Axial_DIN0207_L6.3mm_D2.5mm_P10.16mm_Horizontal' does not match copy in library 'Resistor_THT'
    Local override; warning
    @(128.2000 mm, 52.9000 mm): Footprint R3
[lib_footprint_mismatch]: Footprint 'R_Axial_DIN0207_L6.3mm_D2.5mm_P10.16mm_Horizontal' does not match copy in library 'Resistor_THT'
    Local override; warning
    @(167.2400 mm, 58.2500 mm): Footprint R1-1
[text_height]: Text height out of range (board setup constraints silk text height min height 0.8000 mm; actual 0.4800 mm)
    Rule: board setup constraints silk text height; warning
    @(101.5000 mm, 31.0000 mm): PCB text 'R1 470R D13/GPIO13 to Q1 base' on F.Silkscreen
[text_height]: Text height out of range (board setup constraints silk text height min height 0.8000 mm; actual 0.4800 mm)
    Rule: board setup constraints silk text height; warning
    @(109.2000 mm, 32.8000 mm): PCB text 'R2 100k base to GND; Q1 S8050 E-B-C' on F.Silkscreen
[text_height]: Text height out of range (board setup constraints silk text height min height 0.8000 mm; actual 0.5500 mm)
    Rule: board setup constraints silk text height; warning
    @(74.0000 mm, 55.7500 mm): PCB text 'J10 SparkFun Thing Plus ESP32 WROOM-C, SparkFun Eagle header geometry' on F.Silkscreen
[text_height]: Text height out of range (board setup constraints silk text height min height 0.8000 mm; actual 0.5800 mm)
    Rule: board setup constraints silk text height; warning
    @(40.6000 mm, 27.8500 mm): PCB text 'PCB 90x50mm, 1.5mm FR4; drill set: 0.8/1/1.2/1.4/1.6/2/2.4/3/3.175mm' on F.Silkscreen
[text_height]: Text height out of range (board setup constraints silk text height min height 0.8000 mm; actual 0.7000 mm)
    Rule: board setup constraints silk text height; warning
    @(40.6000 mm, 25.6500 mm): PCB text 'Vario Buzzer / Sensor Interposer V2 - SparkFun Thing Plus + Qwiic OLED, no traces' on F.Silkscreen
[text_height]: Text height out of range (board setup constraints silk text height min height 0.8000 mm; actual 0.5000 mm)
    Rule: board setup constraints silk text height; warning
    @(108.7500 mm, 80.7500 mm): PCB text 'J5 HGLRC M100 manual pin order: RX TX VCC GND' on B.Silkscreen
[text_height]: Text height out of range (board setup constraints silk text height min height 0.8000 mm; actual 0.5400 mm)
    Rule: board setup constraints silk text height; warning
    @(79.0000 mm, 55.2500 mm): PCB text 'Back side: optional external SD plus HGLRC M100' on B.Silkscreen
[text_height]: Text height out of range (board setup constraints silk text height min height 0.8000 mm; actual 0.5400 mm)
    Rule: board setup constraints silk text height; warning
    @(108.0000 mm, 82.2500 mm): PCB text 'J1 bottom LiPo JST' on B.Silkscreen
[text_height]: Text height out of range (board setup constraints silk text height min height 0.8000 mm; actual 0.5800 mm)
    Rule: board setup constraints silk text height; warning
    @(82.1550 mm, 78.4800 mm): Footprint text of J10 (USB-C end)
[text_height]: Text height out of range (board setup constraints silk text height min height 0.8000 mm; actual 0.7200 mm)
    Rule: board setup constraints silk text height; warning
    @(85.2500 mm, 54.2500 mm): Footprint text of J10 (SPARKFUN THING PLUS ESP32 WROOM-C)
[text_height]: Text height out of range (board setup constraints silk text height min height 0.8000 mm; actual 0.4800 mm)
    Rule: board setup constraints silk text height; warning
    @(90.1000 mm, 68.1000 mm): Footprint text of J10 (header geometry from SparkFun Eagle J5)
[text_height]: Text height out of range (board setup constraints silk text height min height 0.8000 mm; actual 0.7000 mm)
    Rule: board setup constraints silk text height; warning
    @(76.6500 mm, 90.0000 mm): Value field of C2 (0.1uF CER)
[text_height]: Text height out of range (board setup constraints silk text height min height 0.8000 mm; actual 0.5500 mm)
    Rule: board setup constraints silk text height; warning
    @(149.5400 mm, 56.0000 mm): Footprint text of U2 (Vin GND Vout)
[text_height]: Text height out of range (board setup constraints silk text height min height 0.8000 mm; actual 0.6000 mm)
    Rule: board setup constraints silk text height; warning
    @(149.5400 mm, 66.6000 mm): Footprint text of U2 (5V BOOST)
[text_height]: Text height out of range (board setup constraints silk text height min height 0.8000 mm; actual 0.5000 mm)
    Rule: board setup constraints silk text height; warning
    @(71.5000 mm, 108.1500 mm): Footprint text of U1 (OUT- BAT- BAT+ OUT+)
[text_height]: Text height out of range (board setup constraints silk text height min height 0.8000 mm; actual 0.7000 mm)
    Rule: board setup constraints silk text height; warning
    @(71.5000 mm, 111.0000 mm): Footprint text of U1 (TP4057)
[text_height]: Text height out of range (board setup constraints silk text height min height 0.8000 mm; actual 0.5000 mm)
    Rule: board setup constraints silk text height; warning
    @(71.5000 mm, 114.0500 mm): Footprint text of U1 (IN-      IN+)
[text_height]: Text height out of range (board setup constraints silk text height min height 0.8000 mm; actual 0.5500 mm)
    Rule: board setup constraints silk text height; warning
    @(71.5000 mm, 121.7500 mm): Footprint text of U1 (USB-C)
[text_height]: Text height out of range (board setup constraints silk text height min height 0.8000 mm; actual 0.6500 mm)
    Rule: board setup constraints silk text height; warning
    @(182.8058 mm, 64.6549 mm): Footprint text of REF** (external via Qwiic cable)
[text_height]: Text height out of range (board setup constraints silk text height min height 0.8000 mm; actual 0.5000 mm)
    Rule: board setup constraints silk text height; warning
    @(148.4000 mm, 77.4000 mm): Footprint text of J5 (manual: RX TX VCC GND)
[text_height]: Text height out of range (board setup constraints silk text height min height 0.8000 mm; actual 0.6200 mm)
    Rule: board setup constraints silk text height; warning
    @(156.9000 mm, 77.5000 mm): Footprint text of J5 (FRONT HGLRC M100)
[text_height]: Text height out of range (board setup constraints silk text height min height 0.8000 mm; actual 0.7200 mm)
    Rule: board setup constraints silk text height; warning
    @(114.9000 mm, 95.3500 mm): Footprint text of J7 (SHT41)
[text_height]: Text height out of range (board setup constraints silk text height min height 0.8000 mm; actual 0.5500 mm)
    Rule: board setup constraints silk text height; warning
    @(121.3000 mm, 106.4600 mm): Footprint text of J7 (TOP; pins solder backside)
[text_height]: Text height out of range (board setup constraints silk text height min height 0.8000 mm; actual 0.6000 mm)
    Rule: board setup constraints silk text height; warning
    @(107.7800 mm, 120.0000 mm): Footprint text of J11 (pin1=3v3 ... pin9=CONFIRM)
[text_height]: Text height out of range (board setup constraints silk text height min height 0.8000 mm; actual 0.7000 mm)
    Rule: board setup constraints silk text height; warning
    @(73.0500 mm, 76.3000 mm): Value field of C1 (47-100uF ELEC)
[text_height]: Text height out of range (board setup constraints silk text height min height 0.8000 mm; actual 0.7200 mm)
    Rule: board setup constraints silk text height; warning
    @(156.6000 mm, 104.7600 mm): Footprint text of J6 (BMP390/BMP5xx)
[text_height]: Text height out of range (board setup constraints silk text height min height 0.8000 mm; actual 0.5500 mm)
    Rule: board setup constraints silk text height; warning
    @(159.3000 mm, 99.8600 mm): Footprint text of J6 (TOP; pins solder backside)
[silk_overlap]: Silkscreen clearance
    Rule: board setup constraints silk; warning
    @(81.1550 mm, 79.6800 mm): Segment of J10 on F.Silkscreen
    @(82.1550 mm, 78.4800 mm): Footprint text of J10 (USB-C end)
[silk_overlap]: Silkscreen clearance
    Rule: board setup constraints silk; warning
    @(114.3000 mm, 111.8900 mm): Segment of J7 on F.Silkscreen
    @(114.9000 mm, 95.3500 mm): Footprint text of J7 (SHT41)
[silk_over_copper]: Silkscreen clipped by solder mask
    Local override; warning
    @(82.1550 mm, 78.4800 mm): Footprint text of J10 (USB-C end)
    @(83.6950 mm, 77.1400 mm): NPTH pad of J10
[silk_over_copper]: Silkscreen clipped by solder mask
    Local override; warning
    @(73.6000 mm, 88.5000 mm): Segment of C2 on F.Silkscreen
    @(74.5000 mm, 87.5000 mm): PTH pad 2 [/3V3] of C2
[silk_over_copper]: Silkscreen clipped by solder mask
    Local override; warning
    @(75.4000 mm, 91.5000 mm): Segment of C2 on F.Silkscreen
    @(74.5000 mm, 92.5000 mm): PTH pad 1 [/GND] of C2
[silk_over_copper]: Silkscreen clipped by solder mask
    Local override; warning
    @(71.5000 mm, 108.1500 mm): Footprint text of U1 (OUT- BAT- BAT+ OUT+)
    @(66.2760 mm, 106.7000 mm): PTH pad 5 [<no net>] of U1
[silk_over_copper]: Silkscreen clipped by solder mask
    Local override; warning
    @(71.5000 mm, 108.1500 mm): Footprint text of U1 (OUT- BAT- BAT+ OUT+)
    @(68.8160 mm, 106.7000 mm): PTH pad 2 [/BAT_IN] of U1
[silk_over_copper]: Silkscreen clipped by solder mask
    Local override; warning
    @(71.5000 mm, 108.1500 mm): Footprint text of U1 (OUT- BAT- BAT+ OUT+)
    @(74.1840 mm, 106.7000 mm): PTH pad 1 [/GND] of U1
[silk_over_copper]: Silkscreen clipped by solder mask
    Local override; warning
    @(65.4000 mm, 105.8240 mm): Segment of U1 on F.Silkscreen
    @(66.2760 mm, 106.7000 mm): PTH pad 5 [<no net>] of U1
[silk_over_copper]: Silkscreen clipped by solder mask
    Local override; warning
    @(65.4000 mm, 105.8240 mm): Segment of U1 on F.Silkscreen
    @(68.8160 mm, 106.7000 mm): PTH pad 2 [/BAT_IN] of U1
[silk_over_copper]: Silkscreen clipped by solder mask
    Local override; warning
    @(65.4000 mm, 105.8240 mm): Segment of U1 on F.Silkscreen
    @(74.1840 mm, 106.7000 mm): PTH pad 1 [/GND] of U1
[silk_over_copper]: Silkscreen clipped by solder mask
    Local override; warning
    @(65.4000 mm, 105.8240 mm): Segment of U1 on F.Silkscreen
    @(76.7240 mm, 106.7000 mm): PTH pad 6 [<no net>] of U1
[silk_over_copper]: Silkscreen clipped by solder mask
    Local override; warning
    @(65.4000 mm, 122.6240 mm): Segment of U1 on F.Silkscreen
    @(66.2760 mm, 106.7000 mm): PTH pad 5 [<no net>] of U1
[silk_over_copper]: Silkscreen clipped by solder mask
    Local override; warning
    @(65.4000 mm, 122.6240 mm): Segment of U1 on F.Silkscreen
    @(66.2760 mm, 115.7000 mm): PTH pad 3 [<no net>] of U1
[silk_over_copper]: Silkscreen clipped by solder mask
    Local override; warning
    @(77.6000 mm, 105.8240 mm): Segment of U1 on F.Silkscreen
    @(76.7240 mm, 115.7000 mm): PTH pad 4 [<no net>] of U1
[silk_over_copper]: Silkscreen clipped by solder mask
    Local override; warning
    @(77.6000 mm, 105.8240 mm): Segment of U1 on F.Silkscreen
    @(76.7240 mm, 106.7000 mm): PTH pad 6 [<no net>] of U1
[silk_over_copper]: Silkscreen clipped by solder mask
    Local override; warning
    @(149.5400 mm, 56.0000 mm): Footprint text of U2 (Vin GND Vout)
    @(149.4375 mm, 54.6000 mm): PTH pad 1 [/GND] of 
[silk_over_copper]: Silkscreen clipped by solder mask
    Local override; warning
    @(144.1650 mm, 56.6250 mm): Segment of U2 on F.Silkscreen
    @(152.0800 mm, 58.5000 mm): PTH pad 1 [/SW_BAT] of U2
[silk_over_copper]: Silkscreen clipped by solder mask
    Local override; warning
    @(144.1650 mm, 56.6250 mm): Segment of U2 on F.Silkscreen
    @(149.5400 mm, 58.5000 mm): PTH pad 2 [/GND] of U2
[silk_over_copper]: Silkscreen clipped by solder mask
    Local override; warning
    @(144.1650 mm, 56.6250 mm): Segment of U2 on F.Silkscreen
    @(147.0000 mm, 58.5000 mm): PTH pad 3 [/BOOST_5V] of U2
[silk_over_copper]: Silkscreen clipped by solder mask
    Local override; warning
    @(195.5058 mm, 75.3549 mm): Segment of REF** on F.Silkscreen
    @(174.7500 mm, 74.6500 mm): PTH pad 1 [/BOOST_5V] of 
[silk_over_copper]: Silkscreen clipped by solder mask
    Local override; warning
    @(114.9000 mm, 95.3500 mm): Footprint text of J7 (SHT41)
    @(116.8400 mm, 96.6500 mm): NPTH pad of J7
[silk_over_copper]: Silkscreen clipped by solder mask
    Local override; warning
    @(81.1550 mm, 56.8200 mm): Segment of J10 on F.Silkscreen
    @(105.2850 mm, 58.0900 mm): PTH pad 12 [/SW_BAT] of J10
[silk_over_copper]: Silkscreen clipped by solder mask
    Local override; warning
    @(81.1550 mm, 56.8200 mm): Segment of J10 on F.Silkscreen
    @(107.8250 mm, 58.0900 mm): PTH pad 11 [unconnected-(J10-EN-Pad11)] of J10
[silk_over_copper]: Silkscreen clipped by solder mask
    Local override; warning
    @(81.1550 mm, 56.8200 mm): Segment of J10 on F.Silkscreen
    @(110.3650 mm, 58.0900 mm): PTH pad 10 [unconnected-(J10-V_USB-Pad10)] of J10
[silk_over_copper]: Silkscreen clipped by solder mask
    Local override; warning
    @(81.1550 mm, 56.8200 mm): Segment of J10 on F.Silkscreen
    @(112.9050 mm, 58.0900 mm): PTH pad 9 [/D13_BUZZER_GPIO13] of J10
[silk_over_copper]: Silkscreen clipped by solder mask
    Local override; warning
    @(81.1550 mm, 56.8200 mm): Segment of J10 on F.Silkscreen
    @(115.4450 mm, 58.0900 mm): PTH pad 8 [unconnected-(J10-GPIO1/ESP12-Pad8)] of J10
[silk_over_copper]: Silkscreen clipped by solder mask
    Local override; warning
    @(81.1550 mm, 56.8200 mm): Segment of J10 on F.Silkscreen
    @(117.9850 mm, 58.0900 mm): PTH pad 7 [/BUZZER3_GPIO2_ESP27] of J10
[silk_over_copper]: Silkscreen clipped by solder mask
    Local override; warning
    @(81.1550 mm, 56.8200 mm): Segment of J10 on F.Silkscreen
    @(120.5250 mm, 58.0900 mm): PTH pad 6 [/SDA] of J10
[silk_over_copper]: Silkscreen clipped by solder mask
    Local override; warning
    @(140.8450 mm, 79.6800 mm): Segment of J10 on F.Silkscreen
    @(133.2250 mm, 78.4100 mm): PTH pad 13 [/OLED_CONFIRM] of J10
[silk_over_copper]: Silkscreen clipped by solder mask
    Local override; warning
    @(140.8450 mm, 79.6800 mm): Segment of J10 on F.Silkscreen
    @(95.1250 mm, 78.4100 mm): PTH pad 28 [unconnected-(J10-RESET-Pad28)] of J10
[silk_over_copper]: Silkscreen clipped by solder mask
    Local override; warning
    @(140.8450 mm, 79.6800 mm): Segment of J10 on F.Silkscreen
    @(97.6650 mm, 78.4100 mm): PTH pad 27 [/3V3] of J10
[silk_over_copper]: Silkscreen clipped by solder mask
    Local override; warning
    @(140.8450 mm, 79.6800 mm): Segment of J10 on F.Silkscreen
    @(102.7450 mm, 78.4100 mm): PTH pad 25 [/GND] of J10
[silk_over_copper]: Silkscreen clipped by solder mask
    Local override; warning
    @(140.8450 mm, 79.6800 mm): Segment of J10 on F.Silkscreen
    @(105.2850 mm, 78.4100 mm): PTH pad 24 [/BUZZER2_ESP26] of J10
[silk_over_copper]: Silkscreen clipped by solder mask
    Local override; warning
    @(140.8450 mm, 79.6800 mm): Segment of J10 on F.Silkscreen
    @(107.8250 mm, 78.4100 mm): PTH pad 23 [/VBAT_SENSE_A1] of J10
[silk_over_copper]: Silkscreen clipped by solder mask
    Local override; warning
    @(140.8450 mm, 79.6800 mm): Segment of J10 on F.Silkscreen
    @(110.3650 mm, 78.4100 mm): PTH pad 22 [/BTN_UP_GPIO21] of J10
[silk_over_copper]: Silkscreen clipped by solder mask
    Local override; warning
    @(140.8450 mm, 79.6800 mm): Segment of J10 on F.Silkscreen
    @(112.9050 mm, 78.4100 mm): PTH pad 21 [/BTN_DOWN_GPIO5] of J10
[silk_over_copper]: Silkscreen clipped by solder mask
    Local override; warning
    @(140.8450 mm, 79.6800 mm): Segment of J10 on F.Silkscreen
    @(115.4450 mm, 78.4100 mm): PTH pad 20 [/BTN_NEXT_GPIO4] of J10
[silk_over_copper]: Silkscreen clipped by solder mask
    Local override; warning
    @(140.8450 mm, 79.6800 mm): Segment of J10 on F.Silkscreen
    @(117.9850 mm, 78.4100 mm): PTH pad 19 [/BTN_BACK_GPIO3] of J10
[silk_over_copper]: Silkscreen clipped by solder mask
    Local override; warning
    @(140.8450 mm, 79.6800 mm): Segment of J10 on F.Silkscreen
    @(120.5250 mm, 78.4100 mm): PTH pad 18 [unconnected-(J10-SCK_ESP18-Pad18)] of J10
[silk_over_copper]: Silkscreen clipped by solder mask
    Local override; warning
    @(140.8450 mm, 79.6800 mm): Segment of J10 on F.Silkscreen
    @(128.1450 mm, 78.4100 mm): PTH pad 15 [unconnected-(J10-RX_ESP16-Pad15)] of J10
[silk_over_copper]: Silkscreen clipped by solder mask
    Local override; warning
    @(140.8450 mm, 79.6800 mm): Segment of J10 on F.Silkscreen
    @(130.6850 mm, 78.4100 mm): PTH pad 14 [unconnected-(J10-TX_ESP17-Pad14)] of J10
[silk_over_copper]: Silkscreen clipped by solder mask
    Local override; warning
    @(174.0000 mm, 105.2500 mm): Arc of Q1 on F.Silkscreen
    @(171.4600 mm, 105.2500 mm): PTH pad 1 [/GND] of Q1
[silk_over_copper]: Silkscreen clipped by solder mask
    Local override; warning
    @(174.0000 mm, 105.2500 mm): Arc of Q1 on F.Silkscreen
    @(176.5400 mm, 105.2500 mm): PTH pad 3 [/BUZZER_LOW] of Q1
[silk_over_copper]: Silkscreen clipped by solder mask
    Local override; warning
    @(180.2000 mm, 91.1500 mm): Segment of D2 on F.Silkscreen
    @(181.5000 mm, 89.7500 mm): PTH pad 1 [/BOOST_5V] of D2
[silk_over_copper]: Silkscreen clipped by solder mask
    Local override; warning
    @(182.8000 mm, 96.3500 mm): Segment of D2 on F.Silkscreen
    @(181.5000 mm, 97.7500 mm): PTH pad 2 [/BUZZER_LOW2] of D2
[silk_over_copper]: Silkscreen clipped by solder mask
    Local override; warning
    @(189.7500 mm, 105.2500 mm): Arc of Q3 on F.Silkscreen
    @(187.2100 mm, 105.2500 mm): PTH pad 1 [/GND] of Q3
[silk_over_copper]: Silkscreen clipped by solder mask
    Local override; warning
    @(189.7500 mm, 105.2500 mm): Arc of Q3 on F.Silkscreen
    @(192.2900 mm, 105.2500 mm): PTH pad 3 [/BUZZER_LOW3] of Q3
[silk_over_copper]: Silkscreen clipped by solder mask
    Local override; warning
    @(181.8750 mm, 105.2500 mm): Arc of Q2 on F.Silkscreen
    @(179.3350 mm, 105.2500 mm): PTH pad 1 [/GND] of Q2
[silk_over_copper]: Silkscreen clipped by solder mask
    Local override; warning
    @(181.8750 mm, 105.2500 mm): Arc of Q2 on F.Silkscreen
    @(184.4150 mm, 105.2500 mm): PTH pad 3 [/BUZZER_LOW2] of Q2
[silk_over_copper]: Silkscreen clipped by solder mask
    Local override; warning
    @(172.4500 mm, 91.1500 mm): Segment of D1 on F.Silkscreen
    @(173.7500 mm, 89.7500 mm): PTH pad 1 [/BOOST_5V] of D1
[silk_over_copper]: Silkscreen clipped by solder mask
    Local override; warning
    @(175.0500 mm, 96.3500 mm): Segment of D1 on F.Silkscreen
    @(173.7500 mm, 97.7500 mm): PTH pad 2 [/BUZZER_LOW] of D1
[silk_over_copper]: Silkscreen clipped by solder mask
    Local override; warning
    @(187.2000 mm, 91.1500 mm): Segment of D3 on F.Silkscreen
    @(188.5000 mm, 89.7500 mm): PTH pad 1 [/BOOST_5V] of D3
[silk_over_copper]: Silkscreen clipped by solder mask
    Local override; warning
    @(189.8000 mm, 96.3500 mm): Segment of D3 on F.Silkscreen
    @(188.5000 mm, 97.7500 mm): PTH pad 2 [/BUZZER_LOW3] of D3
[silk_over_copper]: Silkscreen clipped by solder mask
    Local override; warning
    @(156.6000 mm, 104.7600 mm): Footprint text of J6 (BMP390/BMP5xx)
    @(155.5000 mm, 105.0000 mm): PTH pad 1 [/GND] of 
[silk_overlap]: Silkscreen clearance
    Rule: board setup constraints silk; warning
    @(117.3700 mm, 63.1700 mm): Reference field of R4
    @(121.1900 mm, 63.0300 mm): Rectangle of R1 on B.Silkscreen
[silk_overlap]: Silkscreen clearance
    Rule: board setup constraints silk; warning
    @(117.3700 mm, 63.1700 mm): Reference field of R4
    @(117.9200 mm, 62.0300 mm): Reference field of R1
[silk_overlap]: Silkscreen clearance
    Rule: board setup constraints silk; warning
    @(116.3700 mm, 66.4400 mm): Rectangle of R4 on B.Silkscreen
    @(121.1900 mm, 63.0300 mm): Rectangle of R1 on B.Silkscreen
[silk_overlap]: Silkscreen clearance
    Rule: board setup constraints silk; warning
    @(162.1700 mm, 63.3800 mm): Reference field of R1-3
    @(165.4300 mm, 60.6300 mm): Rectangle of R1-2 on B.Silkscreen
[silk_overlap]: Silkscreen clearance
    Rule: board setup constraints silk; warning
    @(162.1600 mm, 59.6300 mm): Reference field of R1-2
    @(165.4300 mm, 56.8800 mm): Rectangle of R1-1 on B.Silkscreen
[silk_over_copper]: Silkscreen clipped by solder mask
    Local override; warning
    @(60.5000 mm, 81.7000 mm): Reference field of J1
    @(61.6500 mm, 81.7000 mm): PTH pad 2 [/BAT_IN] of J1
[silk_over_copper]: Silkscreen clipped by solder mask
    Local override; warning
    @(61.9000 mm, 85.7000 mm): Segment of J1 on B.Silkscreen
    @(61.6500 mm, 81.7000 mm): PTH pad 2 [/BAT_IN] of J1
[silk_over_copper]: Silkscreen clipped by solder mask
    Local override; warning
    @(61.9000 mm, 85.7000 mm): Segment of J1 on B.Silkscreen
    @(61.6500 mm, 83.7000 mm): PTH pad 1 [/GND] of J1
[silk_over_copper]: Silkscreen clipped by solder mask
    Local override; warning
    @(105.7100 mm, 69.2500 mm): Segment of R2 on B.Silkscreen
    @(104.6700 mm, 69.2500 mm): PTH pad 2 [/BUZZER2_ESP26] of R2
[silk_over_copper]: Silkscreen clipped by solder mask
    Local override; warning
    @(120.0000 mm, 77.3700 mm): Segment of R5 on B.Silkscreen
    @(120.5250 mm, 78.4100 mm): PTH pad 18 [unconnected-(J10-SCK_ESP18-Pad18)] of J10
[silk_over_copper]: Silkscreen clipped by solder mask
    Local override; warning
    @(120.0000 mm, 77.3700 mm): Segment of R5 on B.Silkscreen
    @(120.0000 mm, 78.4100 mm): PTH pad 1 [/VBAT_SENSE_A1] of R5
[silk_over_copper]: Silkscreen clipped by solder mask
    Local override; warning
    @(115.0000 mm, 67.2100 mm): Segment of R4 on B.Silkscreen
    @(115.0000 mm, 68.2500 mm): PTH pad 1 [/SW_BAT] of R4
[silk_over_copper]: Silkscreen clipped by solder mask
    Local override; warning
    @(113.7900 mm, 69.2500 mm): Segment of R2 on B.Silkscreen
    @(114.8300 mm, 69.2500 mm): PTH pad 1 [/BUZZER_BASE2] of R2
[silk_over_copper]: Silkscreen clipped by solder mask
    Local override; warning
    @(113.8800 mm, 64.4000 mm): Segment of R1 on B.Silkscreen
    @(112.8400 mm, 64.4000 mm): PTH pad 2 [/D13_BUZZER_GPIO13] of R1
[silk_over_copper]: Silkscreen clipped by solder mask
    Local override; warning
    @(116.3700 mm, 66.4400 mm): Rectangle of R4 on B.Silkscreen
    @(112.8400 mm, 64.4000 mm): PTH pad 2 [/D13_BUZZER_GPIO13] of R1
[silk_over_copper]: Silkscreen clipped by solder mask
    Local override; warning
    @(116.3700 mm, 66.4400 mm): Rectangle of R4 on B.Silkscreen
    @(115.4450 mm, 58.0900 mm): PTH pad 8 [unconnected-(J10-GPIO1/ESP12-Pad8)] of J10
[silk_over_copper]: Silkscreen clipped by solder mask
    Local override; warning
    @(121.9600 mm, 64.4000 mm): Segment of R1 on B.Silkscreen
    @(123.0000 mm, 64.4000 mm): PTH pad 1 [/BUZZER_BASE] of R1
[silk_over_copper]: Silkscreen clipped by solder mask
    Local override; warning
    @(120.0000 mm, 69.2900 mm): Segment of R5 on B.Silkscreen
    @(120.0000 mm, 68.2500 mm): PTH pad 2 [/GND] of R5
[silk_over_copper]: Silkscreen clipped by solder mask
    Local override; warning
    @(115.0000 mm, 59.1300 mm): Segment of R4 on B.Silkscreen
    @(115.4450 mm, 58.0900 mm): PTH pad 8 [unconnected-(J10-GPIO1/ESP12-Pad8)] of J10
[silk_over_copper]: Silkscreen clipped by solder mask
    Local override; warning
    @(115.0000 mm, 59.1300 mm): Segment of R4 on B.Silkscreen
    @(115.0000 mm, 58.0900 mm): PTH pad 2 [/VBAT_SENSE_A1] of R4
[silk_over_copper]: Silkscreen clipped by solder mask
    Local override; warning
    @(119.0800 mm, 52.9000 mm): Segment of R3 on B.Silkscreen
    @(118.0400 mm, 52.9000 mm): PTH pad 2 [/BUZZER3_GPIO2_ESP27] of R3
[silk_over_copper]: Silkscreen clipped by solder mask
    Local override; warning
    @(127.1600 mm, 52.9000 mm): Segment of R3 on B.Silkscreen
    @(128.2000 mm, 52.9000 mm): PTH pad 1 [/BUZZER_BASE3] of R3
[silk_over_copper]: Silkscreen clipped by solder mask
    Local override; warning
    @(166.2100 mm, 65.7500 mm): Segment of R1-3 on B.Silkscreen
    @(167.2500 mm, 65.7500 mm): PTH pad 1 [/GND] of R1-3
[silk_over_copper]: Silkscreen clipped by solder mask
    Local override; warning
    @(166.2000 mm, 62.0000 mm): Segment of R1-2 on B.Silkscreen
    @(167.2400 mm, 62.0000 mm): PTH pad 1 [/GND] of R1-2
[silk_over_copper]: Silkscreen clipped by solder mask
    Local override; warning
    @(158.1200 mm, 62.0000 mm): Segment of R1-2 on B.Silkscreen
    @(157.0800 mm, 62.0000 mm): PTH pad 2 [/BUZZER_BASE2] of R1-2
[silk_over_copper]: Silkscreen clipped by solder mask
    Local override; warning
    @(158.1300 mm, 65.7500 mm): Segment of R1-3 on B.Silkscreen
    @(157.0900 mm, 65.7500 mm): PTH pad 2 [/BUZZER_BASE3] of R1-3
[silk_over_copper]: Silkscreen clipped by solder mask
    Local override; warning
    @(166.2000 mm, 58.2500 mm): Segment of R1-1 on B.Silkscreen
    @(167.2400 mm, 58.2500 mm): PTH pad 1 [/GND] of R1-1
[silk_over_copper]: Silkscreen clipped by solder mask
    Local override; warning
    @(158.1200 mm, 58.2500 mm): Segment of R1-1 on B.Silkscreen
    @(157.0800 mm, 58.2500 mm): PTH pad 2 [/BUZZER_BASE] of R1-1
[nonmirrored_text_on_back_layer]: Non-Mirrored text on back layer
    Local override; warning
    @(108.7500 mm, 80.7500 mm): PCB text 'J5 HGLRC M100 manual pin order: RX TX VCC GND' on B.Silkscreen
[nonmirrored_text_on_back_layer]: Non-Mirrored text on back layer
    Local override; warning
    @(79.0000 mm, 55.2500 mm): PCB text 'Back side: optional external SD plus HGLRC M100' on B.Silkscreen
[nonmirrored_text_on_back_layer]: Non-Mirrored text on back layer
    Local override; warning
    @(108.0000 mm, 82.2500 mm): PCB text 'J1 bottom LiPo JST' on B.Silkscreen
[mirrored_text_on_front_layer]: Mirrored text on front layer
    Local override; warning
    @(151.5000 mm, 76.0000 mm): Reference field of J5
[mirrored_text_on_front_layer]: Mirrored text on front layer
    Local override; warning
    @(148.4000 mm, 77.4000 mm): Footprint text of J5 (manual: RX TX VCC GND)
[mirrored_text_on_front_layer]: Mirrored text on front layer
    Local override; warning
    @(156.9000 mm, 77.5000 mm): Footprint text of J5 (FRONT HGLRC M100)
[nonmirrored_text_on_back_layer]: Non-Mirrored text on back layer
    Local override; warning
    @(60.5000 mm, 81.7000 mm): Reference field of J1

** Found 25 unconnected pads **
[unconnected_items]: Missing connection between items
    Local override; error
    @(132.0800 mm, 96.6500 mm): PTH pad 1 [/3V3] of J7
    @(109.9500 mm, 97.7178 mm): Track [/3V3] on F.Cu, length 3.0154 mm
[unconnected_items]: Missing connection between items
    Local override; error
    @(146.5500 mm, 89.3700 mm): PTH pad 1 [/3V3] of J6
    @(145.8000 mm, 74.7300 mm): PTH pad 3 [/3V3] of J5
[unconnected_items]: Missing connection between items
    Local override; error
    @(146.5500 mm, 89.3700 mm): PTH pad 1 [/3V3] of J6
    @(132.0800 mm, 96.6500 mm): PTH pad 1 [/3V3] of J7
[unconnected_items]: Missing connection between items
    Local override; error
    @(146.5500 mm, 89.3700 mm): PTH pad 1 [/3V3] of J6
    @(150.2500 mm, 106.2500 mm): PTH pad 1 [/3V3] of 
[unconnected_items]: Missing connection between items
    Local override; error
    @(151.5000 mm, 113.7500 mm): PTH pad 1 [/3V3] of 
    @(150.2500 mm, 106.2500 mm): PTH pad 1 [/3V3] of 
[unconnected_items]: Missing connection between items
    Local override; error
    @(120.0000 mm, 68.2500 mm): PTH pad 2 [/GND] of R5
    @(102.7450 mm, 78.4100 mm): Track [/GND] on B.Cu, length 2.1650 mm
[unconnected_items]: Missing connection between items
    Local override; error
    @(139.0000 mm, 72.1900 mm): Track [/GND] on F.Cu, length 12.1100 mm
    @(127.0000 mm, 96.6500 mm): PTH pad 3 [/GND] of J7
[unconnected_items]: Missing connection between items
    Local override; error
    @(164.2000 mm, 68.8000 mm): Track [/GND] on F.Cu, length 20.4000 mm
    @(145.8000 mm, 72.1900 mm): PTH pad 4 [/GND] of J5
[unconnected_items]: Missing connection between items
    Local override; error
    @(146.5500 mm, 94.4500 mm): PTH pad 3 [/GND] of J6
    @(139.0000 mm, 72.1900 mm): Track [/GND] on F.Cu, length 12.1100 mm
[unconnected_items]: Missing connection between items
    Local override; error
    @(155.5000 mm, 105.0000 mm): PTH pad 1 [/GND] of 
    @(168.4700 mm, 102.2600 mm): Track [/GND] on F.Cu, length 11.7100 mm
[unconnected_items]: Missing connection between items
    Local override; error
    @(156.5000 mm, 113.0000 mm): PTH pad 1 [/GND] of 
    @(155.5000 mm, 105.0000 mm): PTH pad 1 [/GND] of 
[unconnected_items]: Missing connection between items
    Local override; error
    @(168.4700 mm, 102.2600 mm): Track [/GND] on F.Cu, length 11.7100 mm
    @(171.4600 mm, 105.0500 mm): Track [/GND] on B.Cu, length 0.0283 mm
[unconnected_items]: Missing connection between items
    Local override; error
    @(179.3700 mm, 109.0000 mm): Track [/GND] on F.Cu, length 7.8800 mm
    @(187.2100 mm, 105.2500 mm): PTH pad 1 [/GND] of Q3
[unconnected_items]: Missing connection between items
    Local override; error
    @(157.0800 mm, 58.2500 mm): PTH pad 2 [/BUZZER_BASE] of R1-1
    @(123.0000 mm, 64.4000 mm): PTH pad 1 [/BUZZER_BASE] of R1
[unconnected_items]: Missing connection between items
    Local override; error
    @(174.0000 mm, 105.2500 mm): PTH pad 2 [/BUZZER_BASE] of Q1
    @(157.0800 mm, 58.2500 mm): PTH pad 2 [/BUZZER_BASE] of R1-1
[unconnected_items]: Missing connection between items
    Local override; error
    @(115.0000 mm, 74.5000 mm): Track [/VBAT_SENSE_A1] on B.Cu, length 2.9628 mm
    @(115.0000 mm, 58.0900 mm): PTH pad 2 [/VBAT_SENSE_A1] of R4
[unconnected_items]: Missing connection between items
    Local override; error
    @(97.2500 mm, 87.7500 mm): PTH pad 6 [/BTN_UP_GPIO21] of J11
    @(110.3650 mm, 78.4100 mm): PTH pad 22 [/BTN_UP_GPIO21] of J10
[unconnected_items]: Missing connection between items
    Local override; error
    @(112.9050 mm, 78.4100 mm): PTH pad 21 [/BTN_DOWN_GPIO5] of J10
    @(99.7900 mm, 87.7500 mm): PTH pad 5 [/BTN_DOWN_GPIO5] of J11
[unconnected_items]: Missing connection between items
    Local override; error
    @(102.3300 mm, 87.7500 mm): PTH pad 4 [/BTN_NEXT_GPIO4] of J11
    @(115.4450 mm, 78.4100 mm): PTH pad 20 [/BTN_NEXT_GPIO4] of J10
[unconnected_items]: Missing connection between items
    Local override; error
    @(104.8700 mm, 87.7500 mm): PTH pad 3 [/BTN_BACK_GPIO3] of J11
    @(117.9850 mm, 78.4100 mm): PTH pad 19 [/BTN_BACK_GPIO3] of J10
[unconnected_items]: Missing connection between items
    Local override; error
    @(121.9200 mm, 96.6500 mm): PTH pad 5 [/SDA] of J7
    @(146.5500 mm, 102.0700 mm): PTH pad 6 [/SDA] of J6
[unconnected_items]: Missing connection between items
    Local override; error
    @(121.9200 mm, 96.6500 mm): PTH pad 5 [/SDA] of J7
    @(92.0000 mm, 87.9200 mm): Track [/SDA] on B.Cu, length 6.0800 mm
[unconnected_items]: Missing connection between items
    Local override; error
    @(94.7100 mm, 87.7500 mm): PTH pad 7 [/SCL] of J11
    @(124.4600 mm, 96.6500 mm): PTH pad 4 [/SCL] of J7
[unconnected_items]: Missing connection between items
    Local override; error
    @(124.4600 mm, 96.6500 mm): PTH pad 4 [/SCL] of J7
    @(146.5500 mm, 96.9900 mm): PTH pad 4 [/SCL] of J6
[unconnected_items]: Missing connection between items
    Local override; error
    @(125.6050 mm, 58.0900 mm): PTH pad 4 [/SCL] of J10
    @(124.4600 mm, 96.6500 mm): PTH pad 4 [/SCL] of J7

** Found 0 Footprint errors **

** Ignored checks **
    - Footprint has no courtyard defined
    - Track endpoint not centered on via
    - Tuning profile track geometries
    - Footprint doesn't match symbol's footprint filters
    - Footprint component type doesn't match footprint pads

** End of Report **
