** Drc report for Buzzer PCB.kicad_pcb **
** Created on 2026-06-21T23:20:54 **
** Report includes: Errors, Warnings **

** Found 76 DRC violations **
[copper_edge_clearance]: Board edge clearance violation (board setup constraints edge clearance 0.5000 mm; actual 0.4692 mm)
    Rule: board setup constraints edge; error
    @(108.0752 mm, 117.2439 mm): Segment on Edge.Cuts
    @(106.8561 mm, 114.1239 mm): Track [D13] on F.Cu, length 1.7200 mm
[copper_edge_clearance]: Board edge clearance violation (board setup constraints edge clearance 0.5000 mm; actual 0.2192 mm)
    Rule: board setup constraints edge; error
    @(108.0752 mm, 117.2439 mm): Segment on Edge.Cuts
    @(106.8561 mm, 111.5139 mm): Via [D13] on F.Cu - B.Cu
[copper_edge_clearance]: Board edge clearance violation (board setup constraints edge clearance 0.5000 mm; actual 0.4692 mm)
    Rule: board setup constraints edge; error
    @(108.0752 mm, 117.2439 mm): Segment on Edge.Cuts
    @(106.8561 mm, 106.5039 mm): Track [BUZZER_BASE] on F.Cu, length 2.5000 mm
[copper_edge_clearance]: Board edge clearance violation (board setup constraints edge clearance 0.5000 mm; actual 0.3700 mm)
    Rule: board setup constraints edge; error
    @(85.3961 mm, 117.2439 mm): Segment on Edge.Cuts
    @(106.9861 mm, 115.9739 mm): PTH pad 1 [D13] of J4
[copper_edge_clearance]: Board edge clearance violation (board setup constraints edge clearance 0.5000 mm; actual 0.2192 mm)
    Rule: board setup constraints edge; error
    @(108.0752 mm, 117.2439 mm): Segment on Edge.Cuts
    @(106.8561 mm, 114.1239 mm): PTH pad 1 [D13] of R1
[copper_edge_clearance]: Board edge clearance violation (board setup constraints edge clearance 0.5000 mm; actual 0.4192 mm)
    Rule: board setup constraints edge; error
    @(108.0752 mm, 117.2439 mm): Segment on Edge.Cuts
    @(106.8561 mm, 106.5039 mm): PTH pad 2 [BUZZER_BASE] of R1
[via_dangling]: Via is not connected or connected on only one layer
    Local override; warning
    @(106.8561 mm, 111.5139 mm): Via [D13] on F.Cu - B.Cu
[silk_edge_clearance]: Silkscreen clipped by board edge
    Rule: board setup constraints silk; warning
    @(108.0752 mm, 117.2439 mm): Segment on Edge.Cuts
    @(106.9861 mm, 115.9739 mm): Circle of J4 on F.Silkscreen
[silk_edge_clearance]: Silkscreen clipped by board edge
    Rule: board setup constraints silk; warning
    @(108.0752 mm, 94.3839 mm): Segment on Edge.Cuts
    @(91.4561 mm, 94.4139 mm): Reference field of C1
[silk_edge_clearance]: Silkscreen clipped by board edge
    Rule: board setup constraints silk; warning
    @(108.0752 mm, 117.2439 mm): Segment on Edge.Cuts
    @(107.5561 mm, 110.3139 mm): Reference field of R2
[silk_edge_clearance]: Silkscreen clipped by board edge
    Rule: board setup constraints silk; warning
    @(85.3961 mm, 114.7039 mm): Arc on Edge.Cuts
    @(85.4221 mm, 117.8553 mm): Reference field of H1
[silk_edge_clearance]: Silkscreen clipped by board edge
    Rule: board setup constraints silk; warning
    @(85.3961 mm, 117.2439 mm): Segment on Edge.Cuts
    @(96.3561 mm, 117.2139 mm): Segment of J1 on F.Silkscreen
[silk_edge_clearance]: Silkscreen clipped by board edge
    Rule: board setup constraints silk; warning
    @(85.3961 mm, 117.2439 mm): Segment on Edge.Cuts
    @(102.3561 mm, 111.2139 mm): Segment of J1 on F.Silkscreen
[silk_edge_clearance]: Silkscreen clipped by board edge
    Rule: board setup constraints silk; warning
    @(85.3961 mm, 117.2439 mm): Segment on Edge.Cuts
    @(102.3561 mm, 117.2139 mm): Segment of J1 on F.Silkscreen
[silk_edge_clearance]: Silkscreen clipped by board edge
    Rule: board setup constraints silk; warning
    @(85.3961 mm, 117.2439 mm): Segment on Edge.Cuts
    @(90.1561 mm, 117.2139 mm): Segment of J2 on F.Silkscreen
[silk_edge_clearance]: Silkscreen clipped by board edge
    Rule: board setup constraints silk; warning
    @(85.3961 mm, 117.2439 mm): Segment on Edge.Cuts
    @(96.1561 mm, 111.2139 mm): Segment of J2 on F.Silkscreen
[silk_edge_clearance]: Silkscreen clipped by board edge
    Rule: board setup constraints silk; warning
    @(85.3961 mm, 117.2439 mm): Segment on Edge.Cuts
    @(96.1561 mm, 117.2139 mm): Segment of J2 on F.Silkscreen
[silk_edge_clearance]: Silkscreen clipped by board edge
    Rule: board setup constraints silk; warning
    @(108.0752 mm, 117.2439 mm): Segment on Edge.Cuts
    @(105.6061 mm, 107.1639 mm): Segment of R1 on F.Silkscreen
[silk_edge_clearance]: Silkscreen clipped by board edge
    Rule: board setup constraints silk; warning
    @(108.0752 mm, 117.2439 mm): Segment on Edge.Cuts
    @(108.1061 mm, 107.1639 mm): Segment of R1 on F.Silkscreen
[silk_edge_clearance]: Silkscreen clipped by board edge
    Rule: board setup constraints silk; warning
    @(108.0752 mm, 117.2439 mm): Segment on Edge.Cuts
    @(108.1061 mm, 113.4639 mm): Segment of R1 on F.Silkscreen
[lib_footprint_mismatch]: Footprint 'PinHeader_1x01_P2.54mm_Vertical' does not match copy in library 'Connector_PinHeader_2.54mm'
    Local override; warning
    @(106.9861 mm, 115.9739 mm): Footprint J4
[lib_footprint_mismatch]: Footprint 'CP_Radial_D5.0mm_P2.00mm' does not match copy in library 'Capacitor_THT'
    Local override; warning
    @(91.4561 mm, 97.6139 mm): Footprint C1
[lib_footprint_issues]: Footprint 'MountingHole_3.0mm' not found in library 'MountingHole'
    Local override; warning
    @(85.4221 mm, 96.8769 mm): Footprint H2
[lib_footprint_mismatch]: Footprint 'C_Disc_D3.0mm_W1.6mm_P2.50mm' does not match copy in library 'Capacitor_THT'
    Local override; warning
    @(87.1561 mm, 110.4139 mm): Footprint C2
[lib_footprint_mismatch]: Footprint 'R_Axial_DIN0207_L6.3mm_D2.5mm_P7.62mm_Horizontal' does not match copy in library 'Resistor_THT'
    Local override; warning
    @(104.3561 mm, 110.3139 mm): Footprint R2
[lib_footprint_issues]: Footprint 'MountingHole_3.0mm' not found in library 'MountingHole'
    Local override; warning
    @(85.4221 mm, 114.6553 mm): Footprint H1
[lib_footprint_issues]: Footprint 'SS12D00G5_Custom' not found in library 'Button_Switch_THT'
    Local override; warning
    @(86.9561 mm, 103.9139 mm): Footprint SW1
[lib_footprint_mismatch]: Footprint 'JST_PH_S2B-PH-K_1x02_P2.00mm_Horizontal' does not match copy in library 'Connector_JST'
    Local override; warning
    @(99.3561 mm, 112.7139 mm): Footprint J1
[lib_footprint_issues]: Footprint 'TO-92_Inline_Wide_Formed' not found in library 'Package_TO_SOT_THT'
    Local override; warning
    @(104.8561 mm, 101.5639 mm): Footprint Q1
[lib_footprint_mismatch]: Footprint 'JST_PH_S2B-PH-K_1x02_P2.00mm_Horizontal' does not match copy in library 'Connector_JST'
    Local override; warning
    @(93.1561 mm, 112.7139 mm): Footprint J2
[lib_footprint_mismatch]: Footprint 'D_DO-41_SOD81_P10.16mm_Horizontal' does not match copy in library 'Diode_THT'
    Local override; warning
    @(102.0561 mm, 96.4139 mm): Footprint D1
[lib_footprint_mismatch]: Footprint 'R_Axial_DIN0207_L6.3mm_D2.5mm_P7.62mm_Horizontal' does not match copy in library 'Resistor_THT'
    Local override; warning
    @(106.8561 mm, 110.3139 mm): Footprint R1
[lib_footprint_issues]: Footprint 'Buzzer_12x8.5mm_P7.62mm_Custom' not found in library 'Buzzer_Beeper'
    Local override; warning
    @(96.8561 mm, 104.1139 mm): Footprint BZ1
[text_height]: Text height out of range (board setup constraints silk text height min height 0.8000 mm; actual 0.7000 mm)
    Rule: board setup constraints silk text height; warning
    @(91.4561 mm, 100.6639 mm): Value field of C1 (47-100uF ELEC)
[text_height]: Text height out of range (board setup constraints silk text height min height 0.8000 mm; actual 0.7000 mm)
    Rule: board setup constraints silk text height; warning
    @(87.1561 mm, 112.5639 mm): Value field of C2 (0.1uF CER)
[text_height]: Text height out of range (board setup constraints silk text height min height 0.8000 mm; actual 0.7000 mm)
    Rule: board setup constraints silk text height; warning
    @(104.3561 mm, 110.3139 mm): Value field of R2 (100k)
[text_height]: Text height out of range (board setup constraints silk text height min height 0.8000 mm; actual 0.7000 mm)
    Rule: board setup constraints silk text height; warning
    @(106.8561 mm, 110.3139 mm): Value field of R1 (470R)
[silk_overlap]: Silkscreen clearance
    Rule: board setup constraints silk; warning
    @(94.1561 mm, 109.8139 mm): Reference field of J2
    @(96.8561 mm, 104.1139 mm): Circle of BZ1 on F.Silkscreen
[silk_overlap]: Silkscreen clearance
    Rule: board setup constraints silk; warning
    @(91.4561 mm, 100.6639 mm): Value field of C1 (47-100uF ELEC)
    @(96.8561 mm, 100.9139 mm): Reference field of BZ1
[silk_overlap]: Silkscreen clearance
    Rule: board setup constraints silk; warning
    @(91.4561 mm, 100.6639 mm): Value field of C1 (47-100uF ELEC)
    @(95.4561 mm, 100.5139 mm): Segment of BZ1 on F.Silkscreen
[silk_overlap]: Silkscreen clearance
    Rule: board setup constraints silk; warning
    @(91.4561 mm, 100.6639 mm): Value field of C1 (47-100uF ELEC)
    @(96.8561 mm, 104.1139 mm): Circle of BZ1 on F.Silkscreen
[silk_overlap]: Silkscreen clearance
    Rule: board setup constraints silk; warning
    @(101.6561 mm, 101.5639 mm): Reference field of Q1
    @(96.8561 mm, 104.1139 mm): Circle of BZ1 on F.Silkscreen
[silk_overlap]: Silkscreen clearance
    Rule: board setup constraints silk; warning
    @(88.8561 mm, 99.6139 mm): Segment of SW1 on F.Silkscreen
    @(91.4561 mm, 100.6639 mm): Value field of C1 (47-100uF ELEC)
[silk_overlap]: Silkscreen clearance
    Rule: board setup constraints silk; warning
    @(85.4221 mm, 100.0769 mm): Reference field of H2
    @(85.0561 mm, 108.2139 mm): Segment of SW1 on F.Silkscreen
[silk_overlap]: Silkscreen clearance
    Rule: board setup constraints silk; warning
    @(85.0561 mm, 99.6139 mm): Segment of SW1 on F.Silkscreen
    @(85.4221 mm, 100.0769 mm): Reference field of H2
[silk_overlap]: Silkscreen clearance
    Rule: board setup constraints silk; warning
    @(104.3561 mm, 110.3139 mm): Value field of R2 (100k)
    @(103.6561 mm, 110.3139 mm): Reference field of R1
[silk_overlap]: Silkscreen clearance
    Rule: board setup constraints silk; warning
    @(106.8561 mm, 110.3139 mm): Value field of R1 (470R)
    @(107.5561 mm, 110.3139 mm): Reference field of R2
[silk_overlap]: Silkscreen clearance
    Rule: board setup constraints silk; warning
    @(107.5561 mm, 110.3139 mm): Reference field of R2
    @(108.1061 mm, 107.1639 mm): Segment of R1 on F.Silkscreen
[silk_overlap]: Silkscreen clearance
    Rule: board setup constraints silk; warning
    @(105.6061 mm, 113.4639 mm): Segment of R1 on F.Silkscreen
    @(103.1061 mm, 107.1639 mm): Segment of R2 on F.Silkscreen
[silk_overlap]: Silkscreen clearance
    Rule: board setup constraints silk; warning
    @(103.1061 mm, 107.1639 mm): Segment of R2 on F.Silkscreen
    @(105.6061 mm, 107.1639 mm): Segment of R1 on F.Silkscreen
[silk_overlap]: Silkscreen clearance
    Rule: board setup constraints silk; warning
    @(103.1061 mm, 113.4639 mm): Segment of R2 on F.Silkscreen
    @(103.6561 mm, 110.3139 mm): Reference field of R1
[silk_overlap]: Silkscreen clearance
    Rule: board setup constraints silk; warning
    @(105.6061 mm, 113.4639 mm): Segment of R1 on F.Silkscreen
    @(105.6061 mm, 107.1639 mm): Segment of R2 on F.Silkscreen
[silk_overlap]: Silkscreen clearance
    Rule: board setup constraints silk; warning
    @(108.1061 mm, 113.4639 mm): Segment of R1 on F.Silkscreen
    @(105.6061 mm, 107.1639 mm): Segment of R2 on F.Silkscreen
[silk_overlap]: Silkscreen clearance
    Rule: board setup constraints silk; warning
    @(105.6061 mm, 107.1639 mm): Segment of R2 on F.Silkscreen
    @(105.6061 mm, 107.1639 mm): Segment of R1 on F.Silkscreen
[silk_overlap]: Silkscreen clearance
    Rule: board setup constraints silk; warning
    @(105.6061 mm, 113.4639 mm): Segment of R1 on F.Silkscreen
    @(105.6061 mm, 113.4639 mm): Segment of R2 on F.Silkscreen
[silk_overlap]: Silkscreen clearance
    Rule: board setup constraints silk; warning
    @(108.1061 mm, 113.4639 mm): Segment of R1 on F.Silkscreen
    @(105.6061 mm, 113.4639 mm): Segment of R2 on F.Silkscreen
[silk_over_copper]: Silkscreen clipped by solder mask
    Local override; warning
    @(85.4221 mm, 114.6553 mm): Circle of H1 on F.Silkscreen
    @(85.4221 mm, 114.6553 mm): NPTH pad of H1
[silk_over_copper]: Silkscreen clipped by solder mask
    Local override; warning
    @(90.1561 mm, 117.2139 mm): Segment of J2 on F.Silkscreen
    @(89.6561 mm, 110.4139 mm): PTH pad 2 [GND] of C2
[silk_over_copper]: Silkscreen clipped by solder mask
    Local override; warning
    @(94.1561 mm, 109.8139 mm): Reference field of J2
    @(94.1561 mm, 110.9639 mm): PTH pad 2 [GND] of J2
[silk_over_copper]: Silkscreen clipped by solder mask
    Local override; warning
    @(90.1561 mm, 111.2139 mm): Segment of J2 on F.Silkscreen
    @(89.6561 mm, 110.4139 mm): PTH pad 2 [GND] of C2
[silk_over_copper]: Silkscreen clipped by solder mask
    Local override; warning
    @(90.1561 mm, 111.2139 mm): Segment of J2 on F.Silkscreen
    @(92.1561 mm, 110.9639 mm): PTH pad 1 [SW_BAT] of J2
[silk_over_copper]: Silkscreen clipped by solder mask
    Local override; warning
    @(90.1561 mm, 111.2139 mm): Segment of J2 on F.Silkscreen
    @(94.1561 mm, 110.9639 mm): PTH pad 2 [GND] of J2
[silk_over_copper]: Silkscreen clipped by solder mask
    Local override; warning
    @(99.4561 mm, 97.7139 mm): Segment of D1 on F.Silkscreen
    @(98.0561 mm, 96.4139 mm): PTH pad 1 [SW_BAT] of D1
[silk_over_copper]: Silkscreen clipped by solder mask
    Local override; warning
    @(104.6561 mm, 95.1139 mm): Segment of D1 on F.Silkscreen
    @(106.0561 mm, 96.4139 mm): PTH pad 2 [BUZZER_LOW] of D1
[silk_over_copper]: Silkscreen clipped by solder mask
    Local override; warning
    @(85.4221 mm, 96.8769 mm): Circle of H2 on F.Silkscreen
    @(85.4221 mm, 96.8769 mm): NPTH pad of H2
[silk_over_copper]: Silkscreen clipped by solder mask
    Local override; warning
    @(87.1561 mm, 107.2139 mm): Reference field of C2
    @(86.9561 mm, 106.4139 mm): PTH pad 1 [SW_BAT] of SW1
[silk_over_copper]: Silkscreen clipped by solder mask
    Local override; warning
    @(106.9861 mm, 115.9739 mm): Circle of J4 on F.Silkscreen
    @(106.8561 mm, 114.1239 mm): PTH pad 1 [D13] of R1
[silk_over_copper]: Silkscreen clipped by solder mask
    Local override; warning
    @(103.1061 mm, 107.1639 mm): Segment of R2 on F.Silkscreen
    @(104.3561 mm, 106.5039 mm): PTH pad 1 [BUZZER_BASE] of R2
[silk_over_copper]: Silkscreen clipped by solder mask
    Local override; warning
    @(108.1061 mm, 113.4639 mm): Segment of R1 on F.Silkscreen
    @(106.8561 mm, 114.1239 mm): PTH pad 1 [D13] of R1
[silk_over_copper]: Silkscreen clipped by solder mask
    Local override; warning
    @(105.6061 mm, 113.4639 mm): Segment of R2 on F.Silkscreen
    @(104.3561 mm, 114.1239 mm): PTH pad 2 [GND] of R2
[silk_over_copper]: Silkscreen clipped by solder mask
    Local override; warning
    @(100.3561 mm, 109.8139 mm): Reference field of J1
    @(100.3561 mm, 110.9639 mm): PTH pad 2 [GND] of J1
[silk_over_copper]: Silkscreen clipped by solder mask
    Local override; warning
    @(96.3561 mm, 111.2139 mm): Segment of J1 on F.Silkscreen
    @(98.3561 mm, 110.9639 mm): PTH pad 1 [BAT_IN] of J1
[silk_over_copper]: Silkscreen clipped by solder mask
    Local override; warning
    @(96.3561 mm, 111.2139 mm): Segment of J1 on F.Silkscreen
    @(100.3561 mm, 110.9639 mm): PTH pad 2 [GND] of J1
[silk_over_copper]: Silkscreen clipped by solder mask
    Local override; warning
    @(104.8561 mm, 101.5639 mm): Circle of Q1 on F.Silkscreen
    @(104.8561 mm, 104.1039 mm): PTH pad 1 [BUZZER_BASE] of Q1
[silk_over_copper]: Silkscreen clipped by solder mask
    Local override; warning
    @(104.8561 mm, 101.5639 mm): Circle of Q1 on F.Silkscreen
    @(104.8561 mm, 99.0239 mm): PTH pad 3 [GND] of Q1
[silk_over_copper]: Silkscreen clipped by solder mask
    Local override; warning
    @(105.6061 mm, 107.1639 mm): Segment of R1 on F.Silkscreen
    @(106.8561 mm, 106.5039 mm): PTH pad 2 [BUZZER_BASE] of R1

** Found 0 unconnected pads **

** Found 0 Footprint errors **

** Ignored checks **
    - Footprint has no courtyard defined
    - Track endpoint not centered on via
    - Tuning profile track geometries
    - Footprint doesn't match symbol's footprint filters
    - Footprint component type doesn't match footprint pads

** End of Report **
