** Drc report for Buzzer PCB.kicad_pcb **
** Created on 2026-06-25T16:57:59 **
** Report includes: Errors, Warnings, Exclusions **

** Found 108 DRC violations **
[shorting_items]: Items shorting two nets (nets /GND and /BUZZER_BASE)
    Local override; error
    @(157.5000 mm, 48.5100 mm): Track [/GND] on F.Cu, length 12.4900 mm
    @(157.0800 mm, 58.2500 mm): PTH pad 2 [/BUZZER_BASE] of R1-1
[tracks_crossing]: Tracks crossing
    Rule: netclass 'Default'; error
    @(133.2500 mm, 55.0000 mm): Track [/BUZZER_BASE] on B.Cu, length 4.2426 mm
    @(145.5000 mm, 56.5000 mm): Track [/BOOST_5V] on B.Cu, length 23.0000 mm
[shorting_items]: Items shorting two nets (nets /GND and /BUZZER_BASE2)
    Local override; error
    @(149.5400 mm, 61.0000 mm): Track [/GND] on F.Cu, length 7.9600 mm
    @(157.0800 mm, 62.0000 mm): PTH pad 2 [/BUZZER_BASE2] of R1-2
[clearance]: Clearance violation (netclass 'Default' clearance 0.5000 mm; actual 0.0900 mm)
    Rule: netclass 'Default'; error
    @(128.1450 mm, 58.0900 mm): PTH pad 3 [unconnected-(J10-GPIO6/ESP14-Pad3)] of J10
    @(145.5000 mm, 56.5000 mm): Track [/BOOST_5V] on B.Cu, length 23.0000 mm
[clearance]: Clearance violation (netclass 'Default' clearance 0.5000 mm; actual 0.1874 mm)
    Rule: netclass 'Default'; error
    @(122.5000 mm, 56.5000 mm): Track [/BOOST_5V] on B.Cu, length 7.7500 mm
    @(123.0650 mm, 58.0900 mm): PTH pad 5 [unconnected-(J10-GPIO4/ESP15-Pad5)] of J10
[solder_mask_bridge]: Front solder mask aperture bridges items with different nets
    Rule: board setup solder mask min width; error
    @(157.5000 mm, 48.5100 mm): Track [/GND] on F.Cu, length 12.4900 mm
    @(157.0800 mm, 62.0000 mm): PTH pad 2 [/BUZZER_BASE2] of R1-2
[solder_mask_bridge]: Front solder mask aperture bridges items with different nets
    Rule: board setup solder mask min width; error
    @(149.5400 mm, 61.0000 mm): Track [/GND] on F.Cu, length 7.9600 mm
    @(157.0800 mm, 62.0000 mm): PTH pad 2 [/BUZZER_BASE2] of R1-2
[solder_mask_bridge]: Front solder mask aperture bridges items with different nets
    Rule: board setup solder mask min width; error
    @(157.5000 mm, 48.5100 mm): Track [/GND] on F.Cu, length 12.4900 mm
    @(157.0800 mm, 58.2500 mm): PTH pad 2 [/BUZZER_BASE] of R1-1
[track_dangling]: Track has unconnected end
    Local override; warning
    @(157.5000 mm, 48.5000 mm): Track [/GND] on F.Cu, length 0.0100 mm
[via_dangling]: Via is not connected or connected on only one layer
    Local override; warning
    @(106.2500 mm, 54.7500 mm): Via [/SW_BAT] on F.Cu - B.Cu
[track_dangling]: Track has unconnected end
    Local override; warning
    @(74.5000 mm, 87.5000 mm): Track [/3V3] on F.Cu, length 4.2426 mm
[lib_footprint_mismatch]: Footprint 'TO-92_Inline' does not match copy in library 'Package_TO_SOT_THT'
    Local override; warning
    @(172.4800 mm, 99.0000 mm): Footprint Q1
[lib_footprint_mismatch]: Footprint 'SparkFun_Thing_Plus_ESP32_WROOM_C_Header' does not match copy in library 'Vario_Buzzer_V2'
    Local override; warning
    @(111.0000 mm, 68.2500 mm): Footprint J10
[lib_footprint_mismatch]: Footprint 'Ceramic_Cap_0.1uF_P5.00mm_V1' does not match copy in library 'Vario_Buzzer_V2'
    Local override; warning
    @(74.5000 mm, 90.0000 mm): Footprint C2
[lib_footprint_mismatch]: Footprint 'D_DO-41_SOD81_P10.16mm_Horizontal' does not match copy in library 'Diode_THT'
    Local override; warning
    @(181.2500 mm, 87.5000 mm): Footprint D2
[lib_footprint_issues]: Footprint 'SS12D00G5_Custom' not found in library 'Button_Switch_THT'
    Local override; warning
    @(69.5000 mm, 97.2500 mm): Footprint SW1
[lib_footprint_mismatch]: Footprint 'Comidox_5V_Booster_10.75x10.75_3Pin' does not match copy in library 'Vario_Buzzer_V2'
    Local override; warning
    @(149.5400 mm, 62.0000 mm): Footprint U2
[lib_footprint_mismatch]: Footprint 'TP4057_Module_12.2x18.5' does not match copy in library 'Vario_Buzzer_V2'
    Local override; warning
    @(71.2760 mm, 107.7500 mm): Footprint U1
[lib_footprint_mismatch]: Footprint 'TO-92_Inline' does not match copy in library 'Package_TO_SOT_THT'
    Local override; warning
    @(188.2300 mm, 99.0000 mm): Footprint Q3
[lib_footprint_mismatch]: Footprint 'GPS_M100_15x15_4Pin_Back' does not match copy in library 'Vario_Buzzer_V2'
    Local override; warning
    @(151.5000 mm, 76.0000 mm): Footprint J5
[lib_footprint_mismatch]: Footprint 'TO-92_Inline' does not match copy in library 'Package_TO_SOT_THT'
    Local override; warning
    @(180.3550 mm, 99.0000 mm): Footprint Q2
[lib_footprint_mismatch]: Footprint 'Adafruit_SHT41_Breakout_Top' does not match copy in library 'Vario_Buzzer_V2'
    Local override; warning
    @(156.5000 mm, 112.1600 mm): Footprint J7
[lib_footprint_mismatch]: Footprint 'SolderWire-0.127sqmm_1x01_D0.48mm_OD1mm' does not match copy in library 'Connector_Wire'
    Local override; warning
    @(145.5000 mm, 54.4000 mm): Footprint REF**
[lib_footprint_issues]: Footprint 'Buzzer_12x8.5mm_P7.62mm_Custom' not found in library 'Buzzer_Beeper'
    Local override; warning
    @(166.2500 mm, 75.2500 mm): Footprint BZ1
[lib_footprint_mismatch]: Footprint 'OLED_M16968_59x35_9Pin' does not match copy in library 'Vario_Buzzer_V2'
    Local override; warning
    @(78.1300 mm, 85.7500 mm): Footprint J11
[lib_footprint_issues]: Footprint 'Buzzer_12x8.5mm_P7.62mm_Custom' not found in library 'Buzzer_Beeper'
    Local override; warning
    @(191.0000 mm, 75.2500 mm): Footprint BZ3
[lib_footprint_mismatch]: Footprint 'CP_Radial_D5.0mm_P2.00mm' does not match copy in library 'Capacitor_THT'
    Local override; warning
    @(77.0000 mm, 82.0000 mm): Footprint C1
[lib_footprint_mismatch]: Footprint 'Adafruit_BMP390_Breakout_Top' does not match copy in library 'Vario_Buzzer_V2'
    Local override; warning
    @(156.5000 mm, 93.5000 mm): Footprint J6
[lib_footprint_issues]: Footprint 'Buzzer_12x8.5mm_P7.62mm_Custom' not found in library 'Buzzer_Beeper'
    Local override; warning
    @(178.6250 mm, 75.2500 mm): Footprint BZ2
[lib_footprint_mismatch]: Footprint 'D_DO-41_SOD81_P10.16mm_Horizontal' does not match copy in library 'Diode_THT'
    Local override; warning
    @(173.5000 mm, 87.5000 mm): Footprint D1
[lib_footprint_mismatch]: Footprint 'D_DO-41_SOD81_P10.16mm_Horizontal' does not match copy in library 'Diode_THT'
    Local override; warning
    @(188.2500 mm, 87.5000 mm): Footprint D3
[lib_footprint_mismatch]: Footprint 'R_Axial_DIN0207_L6.3mm_D2.5mm_P10.16mm_Horizontal' does not match copy in library 'Resistor_THT'
    Local override; warning
    @(167.2500 mm, 65.7500 mm): Footprint R1-3
[lib_footprint_mismatch]: Footprint 'JST_PH_S2B-PH-K_1x02_P2.00mm_Horizontal' does not match copy in library 'Connector_JST'
    Local override; warning
    @(68.6000 mm, 82.5000 mm): Footprint J1
[lib_footprint_mismatch]: Footprint 'R_Axial_DIN0207_L6.3mm_D2.5mm_P10.16mm_Horizontal' does not match copy in library 'Resistor_THT'
    Local override; warning
    @(114.8300 mm, 69.2500 mm): Footprint R2
[lib_footprint_mismatch]: Footprint 'R_Axial_DIN0207_L6.3mm_D2.5mm_P10.16mm_Horizontal' does not match copy in library 'Resistor_THT'
    Local override; warning
    @(123.0000 mm, 63.2500 mm): Footprint R1
[lib_footprint_mismatch]: Footprint 'R_Axial_DIN0207_L6.3mm_D2.5mm_P10.16mm_Horizontal' does not match copy in library 'Resistor_THT'
    Local override; warning
    @(167.2400 mm, 62.0000 mm): Footprint R1-2
[lib_footprint_mismatch]: Footprint 'R_Axial_DIN0207_L6.3mm_D2.5mm_P10.16mm_Horizontal' does not match copy in library 'Resistor_THT'
    Local override; warning
    @(128.3300 mm, 52.2500 mm): Footprint R3
[lib_footprint_mismatch]: Footprint 'R_Axial_DIN0207_L6.3mm_D2.5mm_P10.16mm_Horizontal' does not match copy in library 'Resistor_THT'
    Local override; warning
    @(167.2400 mm, 58.2500 mm): Footprint R1-1
[text_height]: Text height out of range (board setup constraints silk text height min height 0.8000 mm; actual 0.4800 mm)
    Rule: board setup constraints silk text height; warning
    @(101.5000 mm, 31.0000 mm): PCB text 'R1 470R D13/GPIO13 to Q1 base' on F.Silkscreen
[text_height]: Text height out of range (board setup constraints silk text height min height 0.8000 mm; actual 0.4800 mm)
    Rule: board setup constraints silk text height; warning
    @(109.2000 mm, 32.8000 mm): PCB text 'R2 100k base to GND; Q1 S8050 E-B-C' on F.Silkscreen
[text_height]: Text height out of range (board setup constraints silk text height min height 0.8000 mm; actual 0.5500 mm)
    Rule: board setup constraints silk text height; warning
    @(74.0000 mm, 55.7500 mm): PCB text 'J10 SparkFun Thing Plus ESP32 WROOM-C, SparkFun Eagle header geometry' on F.Silkscreen
[text_height]: Text height out of range (board setup constraints silk text height min height 0.8000 mm; actual 0.5800 mm)
    Rule: board setup constraints silk text height; warning
    @(40.6000 mm, 27.8500 mm): PCB text 'PCB 90x50mm, 1.5mm FR4; drill set: 0.8/1/1.2/1.4/1.6/2/2.4/3/3.175mm' on F.Silkscreen
[text_height]: Text height out of range (board setup constraints silk text height min height 0.8000 mm; actual 0.7000 mm)
    Rule: board setup constraints silk text height; warning
    @(40.6000 mm, 25.6500 mm): PCB text 'Vario Buzzer / Sensor Interposer V2 - SparkFun Thing Plus + Qwiic OLED, no traces' on F.Silkscreen
[text_height]: Text height out of range (board setup constraints silk text height min height 0.8000 mm; actual 0.5000 mm)
    Rule: board setup constraints silk text height; warning
    @(108.7500 mm, 80.7500 mm): PCB text 'J5 HGLRC M100 manual pin order: RX TX VCC GND' on B.Silkscreen
[text_height]: Text height out of range (board setup constraints silk text height min height 0.8000 mm; actual 0.5400 mm)
    Rule: board setup constraints silk text height; warning
    @(79.0000 mm, 55.2500 mm): PCB text 'Back side: optional external SD plus HGLRC M100' on B.Silkscreen
[text_height]: Text height out of range (board setup constraints silk text height min height 0.8000 mm; actual 0.5400 mm)
    Rule: board setup constraints silk text height; warning
    @(108.0000 mm, 82.2500 mm): PCB text 'J1 bottom LiPo JST' on B.Silkscreen
[text_height]: Text height out of range (board setup constraints silk text height min height 0.8000 mm; actual 0.5800 mm)
    Rule: board setup constraints silk text height; warning
    @(82.1550 mm, 78.4800 mm): Footprint text of J10 (USB-C end)
[text_height]: Text height out of range (board setup constraints silk text height min height 0.8000 mm; actual 0.7200 mm)
    Rule: board setup constraints silk text height; warning
    @(85.2500 mm, 54.2500 mm): Footprint text of J10 (SPARKFUN THING PLUS ESP32 WROOM-C)
[text_height]: Text height out of range (board setup constraints silk text height min height 0.8000 mm; actual 0.4800 mm)
    Rule: board setup constraints silk text height; warning
    @(90.1000 mm, 68.1000 mm): Footprint text of J10 (header geometry from SparkFun Eagle J5)
[text_height]: Text height out of range (board setup constraints silk text height min height 0.8000 mm; actual 0.7000 mm)
    Rule: board setup constraints silk text height; warning
    @(76.6500 mm, 90.0000 mm): Value field of C2 (0.1uF CER)
[text_height]: Text height out of range (board setup constraints silk text height min height 0.8000 mm; actual 0.5500 mm)
    Rule: board setup constraints silk text height; warning
    @(149.5400 mm, 56.0000 mm): Footprint text of U2 (Vin GND Vout)
[text_height]: Text height out of range (board setup constraints silk text height min height 0.8000 mm; actual 0.6000 mm)
    Rule: board setup constraints silk text height; warning
    @(149.5400 mm, 66.6000 mm): Footprint text of U2 (5V BOOST)
[text_height]: Text height out of range (board setup constraints silk text height min height 0.8000 mm; actual 0.5000 mm)
    Rule: board setup constraints silk text height; warning
    @(71.2760 mm, 104.7000 mm): Footprint text of U1 (OUT- BAT- BAT+ OUT+)
[text_height]: Text height out of range (board setup constraints silk text height min height 0.8000 mm; actual 0.7000 mm)
    Rule: board setup constraints silk text height; warning
    @(71.2760 mm, 107.5500 mm): Footprint text of U1 (TP4057)
[text_height]: Text height out of range (board setup constraints silk text height min height 0.8000 mm; actual 0.5000 mm)
    Rule: board setup constraints silk text height; warning
    @(71.2760 mm, 110.6000 mm): Footprint text of U1 (IN-      IN+)
[text_height]: Text height out of range (board setup constraints silk text height min height 0.8000 mm; actual 0.5500 mm)
    Rule: board setup constraints silk text height; warning
    @(71.2760 mm, 118.3000 mm): Footprint text of U1 (USB-C)
[text_height]: Text height out of range (board setup constraints silk text height min height 0.8000 mm; actual 0.5000 mm)
    Rule: board setup constraints silk text height; warning
    @(148.4000 mm, 77.4000 mm): Footprint text of J5 (manual: RX TX VCC GND)
[text_height]: Text height out of range (board setup constraints silk text height min height 0.8000 mm; actual 0.6200 mm)
    Rule: board setup constraints silk text height; warning
    @(156.9000 mm, 77.5000 mm): Footprint text of J5 (FRONT HGLRC M100)
[text_height]: Text height out of range (board setup constraints silk text height min height 0.8000 mm; actual 0.5500 mm)
    Rule: board setup constraints silk text height; warning
    @(162.2000 mm, 108.7000 mm): Footprint text of J7 (TOP; pins solder backside)
[text_height]: Text height out of range (board setup constraints silk text height min height 0.8000 mm; actual 0.7200 mm)
    Rule: board setup constraints silk text height; warning
    @(168.6000 mm, 119.8100 mm): Footprint text of J7 (SHT41)
[text_height]: Text height out of range (board setup constraints silk text height min height 0.8000 mm; actual 0.6000 mm)
    Rule: board setup constraints silk text height; warning
    @(107.7800 mm, 120.0000 mm): Footprint text of J11 (pin1=3v3 ... pin9=CONFIRM)
[text_height]: Text height out of range (board setup constraints silk text height min height 0.8000 mm; actual 0.7000 mm)
    Rule: board setup constraints silk text height; warning
    @(73.9500 mm, 82.0000 mm): Value field of C1 (47-100uF ELEC)
[text_height]: Text height out of range (board setup constraints silk text height min height 0.8000 mm; actual 0.5500 mm)
    Rule: board setup constraints silk text height; warning
    @(158.1000 mm, 87.1000 mm): Footprint text of J6 (TOP; pins solder backside)
[text_height]: Text height out of range (board setup constraints silk text height min height 0.8000 mm; actual 0.7200 mm)
    Rule: board setup constraints silk text height; warning
    @(163.0000 mm, 89.8000 mm): Footprint text of J6 (BMP390/BMP5xx)
[silk_overlap]: Silkscreen clearance
    Rule: board setup constraints silk; warning
    @(81.1550 mm, 79.6800 mm): Segment of J10 on F.Silkscreen
    @(82.1550 mm, 78.4800 mm): Footprint text of J10 (USB-C end)
[silk_overlap]: Silkscreen clearance
    Rule: board setup constraints silk; warning
    @(169.2000 mm, 103.2700 mm): Segment of J7 on F.Silkscreen
    @(168.6000 mm, 119.8100 mm): Footprint text of J7 (SHT41)
[silk_over_copper]: Silkscreen clipped by solder mask
    Local override; warning
    @(82.1550 mm, 78.4800 mm): Footprint text of J10 (USB-C end)
    @(83.6950 mm, 77.1400 mm): NPTH pad of J10
[silk_over_copper]: Silkscreen clipped by solder mask
    Local override; warning
    @(173.7500 mm, 99.0000 mm): Arc of Q1 on F.Silkscreen
    @(171.2100 mm, 99.0000 mm): PTH pad 1 [/GND] of Q1
[silk_over_copper]: Silkscreen clipped by solder mask
    Local override; warning
    @(173.7500 mm, 99.0000 mm): Arc of Q1 on F.Silkscreen
    @(176.2900 mm, 99.0000 mm): PTH pad 3 [/BUZZER_LOW] of Q1
[silk_over_copper]: Silkscreen clipped by solder mask
    Local override; warning
    @(179.9500 mm, 84.9000 mm): Segment of D2 on F.Silkscreen
    @(181.2500 mm, 83.5000 mm): PTH pad 1 [/BOOST_5V] of D2
[silk_over_copper]: Silkscreen clipped by solder mask
    Local override; warning
    @(182.5500 mm, 90.1000 mm): Segment of D2 on F.Silkscreen
    @(181.2500 mm, 91.5000 mm): PTH pad 2 [/BUZZER_LOW2] of D2
[silk_over_copper]: Silkscreen clipped by solder mask
    Local override; warning
    @(189.5000 mm, 99.0000 mm): Arc of Q3 on F.Silkscreen
    @(186.9600 mm, 99.0000 mm): PTH pad 1 [/GND] of Q3
[silk_over_copper]: Silkscreen clipped by solder mask
    Local override; warning
    @(189.5000 mm, 99.0000 mm): Arc of Q3 on F.Silkscreen
    @(192.0400 mm, 99.0000 mm): PTH pad 3 [/BUZZER_LOW3] of Q3
[silk_over_copper]: Silkscreen clipped by solder mask
    Local override; warning
    @(181.6250 mm, 99.0000 mm): Arc of Q2 on F.Silkscreen
    @(179.0850 mm, 99.0000 mm): PTH pad 1 [/GND] of Q2
[silk_over_copper]: Silkscreen clipped by solder mask
    Local override; warning
    @(181.6250 mm, 99.0000 mm): Arc of Q2 on F.Silkscreen
    @(184.1650 mm, 99.0000 mm): PTH pad 3 [/BUZZER_LOW2] of Q2
[silk_over_copper]: Silkscreen clipped by solder mask
    Local override; warning
    @(172.2000 mm, 84.9000 mm): Segment of D1 on F.Silkscreen
    @(173.5000 mm, 83.5000 mm): PTH pad 1 [/BOOST_5V] of D1
[silk_over_copper]: Silkscreen clipped by solder mask
    Local override; warning
    @(174.8000 mm, 90.1000 mm): Segment of D1 on F.Silkscreen
    @(173.5000 mm, 91.5000 mm): PTH pad 2 [/BUZZER_LOW] of D1
[silk_over_copper]: Silkscreen clipped by solder mask
    Local override; warning
    @(186.9500 mm, 84.9000 mm): Segment of D3 on F.Silkscreen
    @(188.2500 mm, 83.5000 mm): PTH pad 1 [/BOOST_5V] of D3
[silk_over_copper]: Silkscreen clipped by solder mask
    Local override; warning
    @(189.5500 mm, 90.1000 mm): Segment of D3 on F.Silkscreen
    @(188.2500 mm, 91.5000 mm): PTH pad 2 [/BUZZER_LOW3] of D3
[silk_over_copper]: Silkscreen clipped by solder mask
    Local override; warning
    @(65.1760 mm, 102.3740 mm): Segment of U1 on F.Silkscreen
    @(68.5920 mm, 103.2500 mm): PTH pad 2 [/GND] of U1
[silk_over_copper]: Silkscreen clipped by solder mask
    Local override; warning
    @(65.1760 mm, 102.3740 mm): Segment of U1 on F.Silkscreen
    @(66.0520 mm, 103.2500 mm): PTH pad 5 [<no net>] of U1
[silk_over_copper]: Silkscreen clipped by solder mask
    Local override; warning
    @(65.1760 mm, 102.3740 mm): Segment of U1 on F.Silkscreen
    @(73.9600 mm, 103.2500 mm): PTH pad 1 [/BAT_IN] of U1
[silk_over_copper]: Silkscreen clipped by solder mask
    Local override; warning
    @(65.1760 mm, 102.3740 mm): Segment of U1 on F.Silkscreen
    @(76.5000 mm, 103.2500 mm): PTH pad 6 [<no net>] of U1
[silk_over_copper]: Silkscreen clipped by solder mask
    Local override; warning
    @(71.2760 mm, 104.7000 mm): Footprint text of U1 (OUT- BAT- BAT+ OUT+)
    @(68.5920 mm, 103.2500 mm): PTH pad 2 [/GND] of U1
[silk_overlap]: Silkscreen clearance
    Rule: board setup constraints silk; warning
    @(162.1700 mm, 63.3800 mm): Reference field of R1-3
    @(165.4300 mm, 60.6300 mm): Rectangle of R1-2 on B.Silkscreen
[silk_overlap]: Silkscreen clearance
    Rule: board setup constraints silk; warning
    @(162.1600 mm, 59.6300 mm): Reference field of R1-2
    @(165.4300 mm, 56.8800 mm): Rectangle of R1-1 on B.Silkscreen
[silk_over_copper]: Silkscreen clipped by solder mask
    Local override; warning
    @(121.9600 mm, 63.2500 mm): Segment of R1 on B.Silkscreen
    @(123.0000 mm, 63.2500 mm): PTH pad 1 [/BUZZER_BASE] of R1
[silk_over_copper]: Silkscreen clipped by solder mask
    Local override; warning
    @(119.2100 mm, 52.2500 mm): Segment of R3 on B.Silkscreen
    @(118.1700 mm, 52.2500 mm): PTH pad 2 [/BUZZER3_GPIO2_ESP27] of R3
[silk_over_copper]: Silkscreen clipped by solder mask
    Local override; warning
    @(127.2900 mm, 52.2500 mm): Segment of R3 on B.Silkscreen
    @(128.3300 mm, 52.2500 mm): PTH pad 1 [/BUZZER_BASE3] of R3
[silk_over_copper]: Silkscreen clipped by solder mask
    Local override; warning
    @(65.7000 mm, 81.5000 mm): Reference field of J1
    @(66.8500 mm, 81.5000 mm): PTH pad 2 [/GND] of J1
[silk_over_copper]: Silkscreen clipped by solder mask
    Local override; warning
    @(67.1000 mm, 85.5000 mm): Segment of J1 on B.Silkscreen
    @(66.8500 mm, 83.5000 mm): PTH pad 1 [/BAT_IN] of J1
[silk_over_copper]: Silkscreen clipped by solder mask
    Local override; warning
    @(67.1000 mm, 85.5000 mm): Segment of J1 on B.Silkscreen
    @(66.8500 mm, 81.5000 mm): PTH pad 2 [/GND] of J1
[silk_over_copper]: Silkscreen clipped by solder mask
    Local override; warning
    @(105.7100 mm, 69.2500 mm): Segment of R2 on B.Silkscreen
    @(104.6700 mm, 69.2500 mm): PTH pad 2 [/BUZZER2_ESP26] of R2
[silk_over_copper]: Silkscreen clipped by solder mask
    Local override; warning
    @(113.7900 mm, 69.2500 mm): Segment of R2 on B.Silkscreen
    @(114.8300 mm, 69.2500 mm): PTH pad 1 [/BUZZER_BASE2] of R2
[silk_over_copper]: Silkscreen clipped by solder mask
    Local override; warning
    @(113.8800 mm, 63.2500 mm): Segment of R1 on B.Silkscreen
    @(112.8400 mm, 63.2500 mm): PTH pad 2 [/D13_BUZZER_GPIO13] of R1
[silk_over_copper]: Silkscreen clipped by solder mask
    Local override; warning
    @(158.1300 mm, 65.7500 mm): Segment of R1-3 on B.Silkscreen
    @(157.0900 mm, 65.7500 mm): PTH pad 2 [/BUZZER_BASE3] of R1-3
[silk_over_copper]: Silkscreen clipped by solder mask
    Local override; warning
    @(166.2100 mm, 65.7500 mm): Segment of R1-3 on B.Silkscreen
    @(167.2500 mm, 65.7500 mm): PTH pad 1 [/GND] of R1-3
[silk_over_copper]: Silkscreen clipped by solder mask
    Local override; warning
    @(166.2000 mm, 62.0000 mm): Segment of R1-2 on B.Silkscreen
    @(167.2400 mm, 62.0000 mm): PTH pad 1 [/GND] of R1-2
[silk_over_copper]: Silkscreen clipped by solder mask
    Local override; warning
    @(158.1200 mm, 62.0000 mm): Segment of R1-2 on B.Silkscreen
    @(157.0800 mm, 62.0000 mm): PTH pad 2 [/BUZZER_BASE2] of R1-2
[silk_over_copper]: Silkscreen clipped by solder mask
    Local override; warning
    @(158.1200 mm, 58.2500 mm): Segment of R1-1 on B.Silkscreen
    @(157.0800 mm, 58.2500 mm): PTH pad 2 [/BUZZER_BASE] of R1-1
[silk_over_copper]: Silkscreen clipped by solder mask
    Local override; warning
    @(166.2000 mm, 58.2500 mm): Segment of R1-1 on B.Silkscreen
    @(167.2400 mm, 58.2500 mm): PTH pad 1 [/GND] of R1-1
[nonmirrored_text_on_back_layer]: Non-Mirrored text on back layer
    Local override; warning
    @(108.7500 mm, 80.7500 mm): PCB text 'J5 HGLRC M100 manual pin order: RX TX VCC GND' on B.Silkscreen
[nonmirrored_text_on_back_layer]: Non-Mirrored text on back layer
    Local override; warning
    @(79.0000 mm, 55.2500 mm): PCB text 'Back side: optional external SD plus HGLRC M100' on B.Silkscreen
[nonmirrored_text_on_back_layer]: Non-Mirrored text on back layer
    Local override; warning
    @(108.0000 mm, 82.2500 mm): PCB text 'J1 bottom LiPo JST' on B.Silkscreen
[mirrored_text_on_front_layer]: Mirrored text on front layer
    Local override; warning
    @(151.5000 mm, 76.0000 mm): Reference field of J5
[mirrored_text_on_front_layer]: Mirrored text on front layer
    Local override; warning
    @(148.4000 mm, 77.4000 mm): Footprint text of J5 (manual: RX TX VCC GND)
[mirrored_text_on_front_layer]: Mirrored text on front layer
    Local override; warning
    @(156.9000 mm, 77.5000 mm): Footprint text of J5 (FRONT HGLRC M100)
[nonmirrored_text_on_back_layer]: Non-Mirrored text on back layer
    Local override; warning
    @(65.7000 mm, 81.5000 mm): Reference field of J1

** Found 2 unconnected pads **
[unconnected_items]: Missing connection between items
    Local override; error
    @(145.8000 mm, 72.1900 mm): PTH pad 4 [/GND] of J5
    @(149.5400 mm, 61.6500 mm): Track [/GND] on F.Cu, length 14.9058 mm
[unconnected_items]: Missing connection between items
    Local override; error
    @(165.3900 mm, 99.8500 mm): Track [/3V3] on F.Cu, length 14.6800 mm
    @(145.8000 mm, 74.7300 mm): PTH pad 3 [/3V3] of J5

** Found 0 Footprint errors **

** Ignored checks **
    - Footprint has no courtyard defined
    - Track endpoint not centered on via
    - Tuning profile track geometries
    - Footprint doesn't match symbol's footprint filters
    - Footprint component type doesn't match footprint pads

** End of Report **
