** Drc report for Buzzer PCB V3 (rerouted traces).kicad_pcb **
** Created on 2026-06-27T18:22:57 **
** Report includes: Errors, Warnings **

** Found 151 DRC violations **
[shorting_items]: Items shorting two nets (nets unconnected-(J6-SDO{slash}ADR-Pad5) and /SDA)
    Local override; error
    @(121.8900 mm, 97.0500 mm): PTH pad 5 [unconnected-(J6-SDO/ADR-Pad5)] of J6
    @(121.9200 mm, 96.6500 mm): Track [/SDA] on B.Cu, length 4.6000 mm
[solder_mask_bridge]: Rear solder mask aperture bridges items with different nets
    Rule: board setup solder mask min width; error
    @(121.9200 mm, 96.6500 mm): Track [/SDA] on B.Cu, length 4.6000 mm
    @(121.8900 mm, 97.0500 mm): PTH pad 5 [unconnected-(J6-SDO/ADR-Pad5)] of J6
[track_dangling]: Track has unconnected end
    Local override; warning
    @(74.5000 mm, 87.5000 mm): Track [/3V3] on F.Cu, length 4.2426 mm
[track_dangling]: Track has unconnected end
    Local override; warning
    @(68.5000 mm, 85.3000 mm): Track [/SW_BAT] on F.Cu, length 1.6263 mm
[silk_edge_clearance]: Silkscreen clipped by board edge
    Rule: board setup constraints silk; warning
    @(56.8809 mm, 47.9158 mm): Rectangle on Edge.Cuts
    @(67.0000 mm, 124.3240 mm): Segment of U1 on F.Silkscreen
[silk_edge_clearance]: Silkscreen clipped by board edge
    Rule: board setup constraints silk; warning
    @(56.8809 mm, 47.9158 mm): Rectangle on Edge.Cuts
    @(76.0000 mm, 122.6240 mm): Segment of U1 on F.Silkscreen
[silk_edge_clearance]: Silkscreen clipped by board edge
    Rule: board setup constraints silk; warning
    @(56.8809 mm, 47.9158 mm): Rectangle on Edge.Cuts
    @(182.8058 mm, 48.1549 mm): Reference field of REF**
[hole_to_hole]: Drilled hole too close to other hole (board setup constraints min 0.2495 mm; actual 0.0000 mm)
    Rule: board setup constraints; warning
    @(192.9809 mm, 52.5000 mm): NPTH pad of H3
    @(192.9658 mm, 52.4949 mm): NPTH pad of REF**
[lib_footprint_mismatch]: Footprint 'TO-92_Inline' does not match copy in library 'Package_TO_SOT_THT'
    Local override; warning
    @(170.5200 mm, 90.6250 mm): Footprint Q1
[lib_footprint_mismatch]: Footprint 'MountingHole_3.2mm_M3' does not match copy in library 'MountingHole'
    Local override; warning
    @(192.9809 mm, 52.5000 mm): Footprint H3
[lib_footprint_mismatch]: Footprint 'SparkFun_Thing_Plus_ESP32_WROOM_C_Header' does not match copy in library 'Vario_Buzzer_V2'
    Local override; warning
    @(111.0000 mm, 68.2500 mm): Footprint J10
[lib_footprint_mismatch]: Footprint 'R_Axial_DIN0207_L6.3mm_D2.5mm_P10.16mm_Horizontal' does not match copy in library 'Resistor_THT'
    Local override; warning
    @(167.2500 mm, 65.7500 mm): Footprint R1-3
[lib_footprint_mismatch]: Footprint 'D_DO-41_SOD81_P10.16mm_Horizontal' does not match copy in library 'Diode_THT'
    Local override; warning
    @(185.3300 mm, 111.9375 mm): Footprint D2
[lib_footprint_mismatch]: Footprint 'SS12F44G3_5.9x12.25_P3.00' does not match copy in library 'Vario_Buzzer_V2'
    Local override; warning
    @(69.5000 mm, 97.2500 mm): Footprint SW1
[lib_footprint_mismatch]: Footprint 'Comidox_5V_Booster_10.75x10.75_3Pin' does not match copy in library 'Vario_Buzzer_V2'
    Local override; warning
    @(149.5400 mm, 62.0000 mm): Footprint U2
[lib_footprint_mismatch]: Footprint 'TO-92_Inline' does not match copy in library 'Package_TO_SOT_THT'
    Local override; warning
    @(170.5200 mm, 105.0625 mm): Footprint Q3
[lib_footprint_mismatch]: Footprint 'MountingHole_3.2mm_M3' does not match copy in library 'MountingHole'
    Local override; warning
    @(61.5000 mm, 52.5000 mm): Footprint H1
[lib_footprint_mismatch]: Footprint 'R_Axial_DIN0207_L6.3mm_D2.5mm_P10.16mm_Horizontal' does not match copy in library 'Resistor_THT'
    Local override; warning
    @(114.8300 mm, 70.0000 mm): Footprint R2
[lib_footprint_mismatch]: Footprint 'SparkFun_6DoF_LSM6DSV16X_Qwiic_Board' does not match copy in library 'Vario_Buzzer_V2'
    Local override; warning
    @(182.8058 mm, 62.6549 mm): Footprint REF**
[lib_footprint_mismatch]: Footprint 'GPS_M100_15x15_4Pin_Back' does not match copy in library 'Vario_Buzzer_V2'
    Local override; warning
    @(151.5000 mm, 76.0000 mm): Footprint J5
[lib_footprint_mismatch]: Footprint 'R_Axial_DIN0207_L6.3mm_D2.5mm_P10.16mm_Horizontal' does not match copy in library 'Resistor_THT'
    Local override; warning
    @(123.0000 mm, 65.5000 mm): Footprint R1
[lib_footprint_mismatch]: Footprint 'TO-92_Inline' does not match copy in library 'Package_TO_SOT_THT'
    Local override; warning
    @(170.5200 mm, 119.3125 mm): Footprint Q2
[lib_footprint_mismatch]: Footprint 'R_Axial_DIN0207_L6.3mm_D2.5mm_P10.16mm_Horizontal' does not match copy in library 'Resistor_THT'
    Local override; warning
    @(167.2400 mm, 62.0000 mm): Footprint R1-2
[lib_footprint_mismatch]: Footprint 'R_Axial_DIN0207_L6.3mm_D2.5mm_P10.16mm_Horizontal' does not match copy in library 'Resistor_THT'
    Local override; warning
    @(128.2000 mm, 52.9000 mm): Footprint R3
[lib_footprint_mismatch]: Footprint 'MountingHole_3.2mm_M3' does not match copy in library 'MountingHole'
    Local override; warning
    @(192.9809 mm, 118.3000 mm): Footprint H4
[lib_footprint_mismatch]: Footprint 'R_Axial_DIN0207_L6.3mm_D2.5mm_P10.16mm_Horizontal' does not match copy in library 'Resistor_THT'
    Local override; warning
    @(167.2400 mm, 58.2500 mm): Footprint R1-1
[lib_footprint_mismatch]: Footprint 'SolderWire-0.127sqmm_1x01_D0.48mm_OD1mm' does not match copy in library 'Connector_Wire'
    Local override; warning
    @(145.5000 mm, 54.6000 mm): Footprint REF**
[lib_footprint_issues]: Footprint 'Buzzer_12x8.5mm_P7.62mm_Custom' not found in library 'Buzzer_Beeper'
    Local override; warning
    @(177.8300 mm, 83.6250 mm): Footprint BZ1
[lib_footprint_mismatch]: Footprint 'MountingHole_3.2mm_M3' does not match copy in library 'MountingHole'
    Local override; warning
    @(61.5000 mm, 118.3000 mm): Footprint H2
[lib_footprint_mismatch]: Footprint 'OLED_M16968_59x35_9Pin' does not match copy in library 'Vario_Buzzer_V2'
    Local override; warning
    @(78.1300 mm, 85.7500 mm): Footprint J11
[lib_footprint_issues]: Footprint 'Buzzer_12x8.5mm_P7.62mm_Custom' not found in library 'Buzzer_Beeper'
    Local override; warning
    @(177.8300 mm, 97.8125 mm): Footprint BZ3
[lib_footprint_mismatch]: Footprint 'Adafruit_BMP390_Breakout_Top' does not match copy in library 'Vario_Buzzer_V2'
    Local override; warning
    @(123.1600 mm, 103.4000 mm): Footprint J6
[lib_footprint_issues]: Footprint 'Buzzer_12x8.5mm_P7.62mm_Custom' not found in library 'Buzzer_Beeper'
    Local override; warning
    @(177.8300 mm, 112.1875 mm): Footprint BZ2
[lib_footprint_mismatch]: Footprint 'D_DO-41_SOD81_P10.16mm_Horizontal' does not match copy in library 'Diode_THT'
    Local override; warning
    @(185.3300 mm, 83.3750 mm): Footprint D1
[lib_footprint_mismatch]: Footprint 'D_DO-41_SOD81_P10.16mm_Horizontal' does not match copy in library 'Diode_THT'
    Local override; warning
    @(185.3300 mm, 97.5625 mm): Footprint D3
[lib_footprint_mismatch]: Footprint 'Ceramic_Cap_0.1uF_P5.00mm_V1' does not match copy in library 'Vario_Buzzer_V2'
    Local override; warning
    @(74.5000 mm, 90.0000 mm): Footprint C2
[lib_footprint_mismatch]: Footprint 'JST_PH_S2B-PH-K_1x02_P2.00mm_Horizontal' does not match copy in library 'Connector_JST'
    Local override; warning
    @(63.4000 mm, 82.7000 mm): Footprint J1
[lib_footprint_mismatch]: Footprint 'R_Axial_DIN0207_L6.3mm_D2.5mm_P10.16mm_Horizontal' does not match copy in library 'Resistor_THT'
    Local override; warning
    @(103.5000 mm, 63.2500 mm): Footprint R4
[lib_footprint_mismatch]: Footprint 'R_Axial_DIN0207_L6.3mm_D2.5mm_P10.16mm_Horizontal' does not match copy in library 'Resistor_THT'
    Local override; warning
    @(93.3300 mm, 66.5000 mm): Footprint R5
[lib_footprint_mismatch]: Footprint 'CP_Radial_D5.0mm_P2.00mm' does not match copy in library 'Capacitor_THT'
    Local override; warning
    @(76.1000 mm, 76.3000 mm): Footprint C1
[text_height]: Text height out of range (board setup constraints silk text height min height 0.8000 mm; actual 0.4800 mm)
    Rule: board setup constraints silk text height; warning
    @(101.5000 mm, 31.0000 mm): PCB text 'R1 470R D13/GPIO13 to Q1 base' on F.Silkscreen
[text_height]: Text height out of range (board setup constraints silk text height min height 0.8000 mm; actual 0.4800 mm)
    Rule: board setup constraints silk text height; warning
    @(109.2000 mm, 32.8000 mm): PCB text 'R2 100k base to GND; Q1 S8050 E-B-C' on F.Silkscreen
[text_height]: Text height out of range (board setup constraints silk text height min height 0.8000 mm; actual 0.5500 mm)
    Rule: board setup constraints silk text height; warning
    @(74.0000 mm, 55.7500 mm): PCB text 'J10 SparkFun Thing Plus ESP32 WROOM-C, SparkFun Eagle header geometry' on F.Silkscreen
[text_height]: Text height out of range (board setup constraints silk text height min height 0.8000 mm; actual 0.5800 mm)
    Rule: board setup constraints silk text height; warning
    @(40.6000 mm, 27.8500 mm): PCB text 'PCB 90x50mm, 1.5mm FR4; drill set: 0.8/1/1.2/1.4/1.6/2/2.4/3/3.175mm' on F.Silkscreen
[text_height]: Text height out of range (board setup constraints silk text height min height 0.8000 mm; actual 0.7000 mm)
    Rule: board setup constraints silk text height; warning
    @(40.6000 mm, 25.6500 mm): PCB text 'Vario Buzzer / Sensor Interposer V2 - SparkFun Thing Plus + Qwiic OLED, no traces' on F.Silkscreen
[text_height]: Text height out of range (board setup constraints silk text height min height 0.8000 mm; actual 0.5000 mm)
    Rule: board setup constraints silk text height; warning
    @(108.7500 mm, 80.7500 mm): PCB text 'J5 HGLRC M100 manual pin order: RX TX VCC GND' on B.Silkscreen
[text_height]: Text height out of range (board setup constraints silk text height min height 0.8000 mm; actual 0.5400 mm)
    Rule: board setup constraints silk text height; warning
    @(79.0000 mm, 55.2500 mm): PCB text 'Back side: optional external SD plus HGLRC M100' on B.Silkscreen
[text_height]: Text height out of range (board setup constraints silk text height min height 0.8000 mm; actual 0.5400 mm)
    Rule: board setup constraints silk text height; warning
    @(108.0000 mm, 82.2500 mm): PCB text 'J1 bottom LiPo JST' on B.Silkscreen
[text_height]: Text height out of range (board setup constraints silk text height min height 0.8000 mm; actual 0.5800 mm)
    Rule: board setup constraints silk text height; warning
    @(82.1550 mm, 78.4800 mm): Footprint text of J10 (USB-C end)
[text_height]: Text height out of range (board setup constraints silk text height min height 0.8000 mm; actual 0.7200 mm)
    Rule: board setup constraints silk text height; warning
    @(85.2500 mm, 54.2500 mm): Footprint text of J10 (SPARKFUN THING PLUS ESP32 WROOM-C)
[text_height]: Text height out of range (board setup constraints silk text height min height 0.8000 mm; actual 0.4800 mm)
    Rule: board setup constraints silk text height; warning
    @(90.1000 mm, 68.1000 mm): Footprint text of J10 (header geometry from SparkFun Eagle J5)
[text_height]: Text height out of range (board setup constraints silk text height min height 0.8000 mm; actual 0.5500 mm)
    Rule: board setup constraints silk text height; warning
    @(149.5400 mm, 56.0000 mm): Footprint text of U2 (Vin GND Vout)
[text_height]: Text height out of range (board setup constraints silk text height min height 0.8000 mm; actual 0.6000 mm)
    Rule: board setup constraints silk text height; warning
    @(149.5400 mm, 66.6000 mm): Footprint text of U2 (5V BOOST)
[text_height]: Text height out of range (board setup constraints silk text height min height 0.8000 mm; actual 0.5000 mm)
    Rule: board setup constraints silk text height; warning
    @(71.5000 mm, 108.1500 mm): Footprint text of U1 (OUT+ BAT+ BAT- OUT-)
[text_height]: Text height out of range (board setup constraints silk text height min height 0.8000 mm; actual 0.7000 mm)
    Rule: board setup constraints silk text height; warning
    @(71.5000 mm, 111.0000 mm): Footprint text of U1 (TP4057)
[text_height]: Text height out of range (board setup constraints silk text height min height 0.8000 mm; actual 0.5000 mm)
    Rule: board setup constraints silk text height; warning
    @(71.5000 mm, 114.0500 mm): Footprint text of U1 (IN+      IN-)
[text_height]: Text height out of range (board setup constraints silk text height min height 0.8000 mm; actual 0.5500 mm)
    Rule: board setup constraints silk text height; warning
    @(71.5000 mm, 121.7500 mm): Footprint text of U1 (USB-C)
[text_height]: Text height out of range (board setup constraints silk text height min height 0.8000 mm; actual 0.6500 mm)
    Rule: board setup constraints silk text height; warning
    @(182.8058 mm, 64.6549 mm): Footprint text of REF** (external via Qwiic cable)
[text_height]: Text height out of range (board setup constraints silk text height min height 0.8000 mm; actual 0.5000 mm)
    Rule: board setup constraints silk text height; warning
    @(148.4000 mm, 77.4000 mm): Footprint text of J5 (manual: RX TX VCC GND)
[text_height]: Text height out of range (board setup constraints silk text height min height 0.8000 mm; actual 0.6200 mm)
    Rule: board setup constraints silk text height; warning
    @(156.9000 mm, 77.5000 mm): Footprint text of J5 (FRONT HGLRC M100)
[text_height]: Text height out of range (board setup constraints silk text height min height 0.8000 mm; actual 0.5500 mm)
    Rule: board setup constraints silk text height; warning
    @(148.8900 mm, 92.9600 mm): Footprint text of J7 (MECH ONLY; Qwiic via BMP)
[text_height]: Text height out of range (board setup constraints silk text height min height 0.8000 mm; actual 0.7200 mm)
    Rule: board setup constraints silk text height; warning
    @(160.0000 mm, 86.5600 mm): Footprint text of J7 (SHT41)
[text_height]: Text height out of range (board setup constraints silk text height min height 0.8000 mm; actual 0.6000 mm)
    Rule: board setup constraints silk text height; warning
    @(107.7800 mm, 120.0000 mm): Footprint text of J11 (pin1=3v3 ... pin9=CONFIRM)
[text_height]: Text height out of range (board setup constraints silk text height min height 0.8000 mm; actual 0.7200 mm)
    Rule: board setup constraints silk text height; warning
    @(116.6600 mm, 107.1000 mm): Footprint text of J6 (BMP390/BMP5xx)
[text_height]: Text height out of range (board setup constraints silk text height min height 0.8000 mm; actual 0.5500 mm)
    Rule: board setup constraints silk text height; warning
    @(121.5600 mm, 109.8000 mm): Footprint text of J6 (TOP; pins solder backside)
[text_height]: Text height out of range (board setup constraints silk text height min height 0.8000 mm; actual 0.7000 mm)
    Rule: board setup constraints silk text height; warning
    @(72.3500 mm, 90.0000 mm): Value field of C2 (0.1uF CER)
[text_height]: Text height out of range (board setup constraints silk text height min height 0.8000 mm; actual 0.7000 mm)
    Rule: board setup constraints silk text height; warning
    @(79.1500 mm, 76.3000 mm): Value field of C1 (47-100uF ELEC)
[silk_overlap]: Silkscreen clearance
    Rule: board setup constraints silk; warning
    @(81.1550 mm, 79.6800 mm): Segment of J10 on F.Silkscreen
    @(82.1550 mm, 78.4800 mm): Footprint text of J10 (USB-C end)
[silk_overlap]: Silkscreen clearance
    Rule: board setup constraints silk; warning
    @(162.1600 mm, 64.3700 mm): Reference field of R1-2
    @(165.4400 mm, 67.1200 mm): Rectangle of R1-3 on F.Silkscreen
[silk_overlap]: Silkscreen clearance
    Rule: board setup constraints silk; warning
    @(165.4300 mm, 63.3700 mm): Rectangle of R1-2 on F.Silkscreen
    @(162.1600 mm, 60.6200 mm): Reference field of R1-1
[silk_overlap]: Silkscreen clearance
    Rule: board setup constraints silk; warning
    @(143.4600 mm, 85.9600 mm): Segment of J7 on F.Silkscreen
    @(160.0000 mm, 86.5600 mm): Footprint text of J7 (SHT41)
[silk_over_copper]: Silkscreen clipped by solder mask
    Local override; warning
    @(82.1550 mm, 78.4800 mm): Footprint text of J10 (USB-C end)
    @(83.6950 mm, 77.1400 mm): NPTH pad of J10
[silk_over_copper]: Silkscreen clipped by solder mask
    Local override; warning
    @(105.7100 mm, 70.0000 mm): Segment of R2 on F.Silkscreen
    @(104.6700 mm, 70.0000 mm): PTH pad 2 [/BUZZER2_ESP26] of R2
[silk_over_copper]: Silkscreen clipped by solder mask
    Local override; warning
    @(121.9600 mm, 65.5000 mm): Segment of R1 on F.Silkscreen
    @(123.0000 mm, 65.5000 mm): PTH pad 1 [/BUZZER_BASE] of R1
[silk_over_copper]: Silkscreen clipped by solder mask
    Local override; warning
    @(119.0800 mm, 52.9000 mm): Segment of R3 on F.Silkscreen
    @(118.0400 mm, 52.9000 mm): PTH pad 2 [/BUZZER3_GPIO2_ESP27] of R3
[silk_over_copper]: Silkscreen clipped by solder mask
    Local override; warning
    @(127.1600 mm, 52.9000 mm): Segment of R3 on F.Silkscreen
    @(128.2000 mm, 52.9000 mm): PTH pad 1 [/BUZZER_BASE3] of R3
[silk_over_copper]: Silkscreen clipped by solder mask
    Local override; warning
    @(113.7900 mm, 70.0000 mm): Segment of R2 on F.Silkscreen
    @(114.8300 mm, 70.0000 mm): PTH pad 1 [/BUZZER_BASE2] of R2
[silk_over_copper]: Silkscreen clipped by solder mask
    Local override; warning
    @(113.8800 mm, 65.5000 mm): Segment of R1 on F.Silkscreen
    @(112.8400 mm, 65.5000 mm): PTH pad 2 [/D13_BUZZER_GPIO13] of R1
[silk_over_copper]: Silkscreen clipped by solder mask
    Local override; warning
    @(149.5400 mm, 56.0000 mm): Footprint text of U2 (Vin GND Vout)
    @(149.4375 mm, 54.6000 mm): PTH pad 1 [/GND] of 
[silk_over_copper]: Silkscreen clipped by solder mask
    Local override; warning
    @(166.2100 mm, 65.7500 mm): Segment of R1-3 on F.Silkscreen
    @(167.2500 mm, 65.7500 mm): PTH pad 1 [/GND] of R1-3
[silk_over_copper]: Silkscreen clipped by solder mask
    Local override; warning
    @(166.2000 mm, 62.0000 mm): Segment of R1-2 on F.Silkscreen
    @(167.2400 mm, 62.0000 mm): PTH pad 1 [/GND] of R1-2
[silk_over_copper]: Silkscreen clipped by solder mask
    Local override; warning
    @(166.2000 mm, 58.2500 mm): Segment of R1-1 on F.Silkscreen
    @(167.2400 mm, 58.2500 mm): PTH pad 1 [/GND] of R1-1
[silk_over_copper]: Silkscreen clipped by solder mask
    Local override; warning
    @(158.1300 mm, 65.7500 mm): Segment of R1-3 on F.Silkscreen
    @(157.0900 mm, 65.7500 mm): PTH pad 2 [/BUZZER_BASE3] of R1-3
[silk_over_copper]: Silkscreen clipped by solder mask
    Local override; warning
    @(158.1200 mm, 62.0000 mm): Segment of R1-2 on F.Silkscreen
    @(157.0800 mm, 62.0000 mm): PTH pad 2 [/BUZZER_BASE2] of R1-2
[silk_over_copper]: Silkscreen clipped by solder mask
    Local override; warning
    @(158.1200 mm, 58.2500 mm): Segment of R1-1 on F.Silkscreen
    @(157.0800 mm, 58.2500 mm): PTH pad 2 [/BUZZER_BASE] of R1-1
[silk_over_copper]: Silkscreen clipped by solder mask
    Local override; warning
    @(144.1650 mm, 56.6250 mm): Segment of U2 on F.Silkscreen
    @(149.5400 mm, 58.5000 mm): PTH pad 2 [/GND] of U2
[silk_over_copper]: Silkscreen clipped by solder mask
    Local override; warning
    @(144.1650 mm, 56.6250 mm): Segment of U2 on F.Silkscreen
    @(147.0000 mm, 58.5000 mm): PTH pad 3 [/BOOST_5V] of U2
[silk_over_copper]: Silkscreen clipped by solder mask
    Local override; warning
    @(144.1650 mm, 56.6250 mm): Segment of U2 on F.Silkscreen
    @(152.0800 mm, 58.5000 mm): PTH pad 1 [/SW_BAT] of U2
[silk_over_copper]: Silkscreen clipped by solder mask
    Local override; warning
    @(160.0000 mm, 86.5600 mm): Footprint text of J7 (SHT41)
    @(158.7000 mm, 88.5000 mm): NPTH pad of J7
[silk_over_copper]: Silkscreen clipped by solder mask
    Local override; warning
    @(184.0300 mm, 109.3375 mm): Segment of D2 on F.Silkscreen
    @(185.3300 mm, 107.9375 mm): PTH pad 1 [/BOOST_5V] of D2
[silk_over_copper]: Silkscreen clipped by solder mask
    Local override; warning
    @(186.6300 mm, 114.5375 mm): Segment of D2 on F.Silkscreen
    @(185.3300 mm, 115.9375 mm): PTH pad 2 [/BUZZER_LOW2] of D2
[silk_over_copper]: Silkscreen clipped by solder mask
    Local override; warning
    @(171.7900 mm, 105.0625 mm): Arc of Q3 on F.Silkscreen
    @(169.2500 mm, 105.0625 mm): PTH pad 1 [/GND] of Q3
[silk_over_copper]: Silkscreen clipped by solder mask
    Local override; warning
    @(171.7900 mm, 105.0625 mm): Arc of Q3 on F.Silkscreen
    @(174.3300 mm, 105.0625 mm): PTH pad 3 [/BUZZER_LOW3] of Q3
[silk_over_copper]: Silkscreen clipped by solder mask
    Local override; warning
    @(171.7900 mm, 119.3125 mm): Arc of Q2 on F.Silkscreen
    @(169.2500 mm, 119.3125 mm): PTH pad 1 [/GND] of Q2
[silk_over_copper]: Silkscreen clipped by solder mask
    Local override; warning
    @(171.7900 mm, 119.3125 mm): Arc of Q2 on F.Silkscreen
    @(174.3300 mm, 119.3125 mm): PTH pad 3 [/BUZZER_LOW2] of Q2
[silk_over_copper]: Silkscreen clipped by solder mask
    Local override; warning
    @(186.6300 mm, 100.1625 mm): Segment of D3 on F.Silkscreen
    @(185.3300 mm, 101.5625 mm): PTH pad 2 [/BUZZER_LOW3] of D3
[silk_over_copper]: Silkscreen clipped by solder mask
    Local override; warning
    @(171.7900 mm, 90.6250 mm): Arc of Q1 on F.Silkscreen
    @(169.2500 mm, 90.6250 mm): PTH pad 1 [/GND] of Q1
[silk_over_copper]: Silkscreen clipped by solder mask
    Local override; warning
    @(171.7900 mm, 90.6250 mm): Arc of Q1 on F.Silkscreen
    @(174.3300 mm, 90.6250 mm): PTH pad 3 [/BUZZER_LOW] of Q1
[silk_over_copper]: Silkscreen clipped by solder mask
    Local override; warning
    @(184.0300 mm, 94.9625 mm): Segment of D3 on F.Silkscreen
    @(185.3300 mm, 93.5625 mm): PTH pad 1 [/BOOST_5V] of D3
[silk_over_copper]: Silkscreen clipped by solder mask
    Local override; warning
    @(184.0300 mm, 80.7750 mm): Segment of D1 on F.Silkscreen
    @(185.3300 mm, 79.3750 mm): PTH pad 1 [/BOOST_5V] of D1
[silk_over_copper]: Silkscreen clipped by solder mask
    Local override; warning
    @(186.6300 mm, 85.9750 mm): Segment of D1 on F.Silkscreen
    @(185.3300 mm, 87.3750 mm): PTH pad 2 [/BUZZER_LOW] of D1
[silk_over_copper]: Silkscreen clipped by solder mask
    Local override; warning
    @(65.4000 mm, 105.8240 mm): Segment of U1 on F.Silkscreen
    @(68.8160 mm, 106.7000 mm): PTH pad 1 [/BAT_IN] of U1
[silk_over_copper]: Silkscreen clipped by solder mask
    Local override; warning
    @(65.4000 mm, 105.8240 mm): Segment of U1 on F.Silkscreen
    @(74.1840 mm, 106.7000 mm): PTH pad 2 [/GND] of U1
[silk_over_copper]: Silkscreen clipped by solder mask
    Local override; warning
    @(65.4000 mm, 105.8240 mm): Segment of U1 on F.Silkscreen
    @(66.2760 mm, 106.7000 mm): PTH pad 5 [<no net>] of U1
[silk_over_copper]: Silkscreen clipped by solder mask
    Local override; warning
    @(65.4000 mm, 105.8240 mm): Segment of U1 on F.Silkscreen
    @(76.7240 mm, 106.7000 mm): PTH pad 6 [<no net>] of U1
[silk_over_copper]: Silkscreen clipped by solder mask
    Local override; warning
    @(71.5000 mm, 108.1500 mm): Footprint text of U1 (OUT+ BAT+ BAT- OUT-)
    @(68.8160 mm, 106.7000 mm): PTH pad 1 [/BAT_IN] of U1
[silk_over_copper]: Silkscreen clipped by solder mask
    Local override; warning
    @(71.5000 mm, 108.1500 mm): Footprint text of U1 (OUT+ BAT+ BAT- OUT-)
    @(74.1840 mm, 106.7000 mm): PTH pad 2 [/GND] of U1
[silk_over_copper]: Silkscreen clipped by solder mask
    Local override; warning
    @(71.5000 mm, 108.1500 mm): Footprint text of U1 (OUT+ BAT+ BAT- OUT-)
    @(66.2760 mm, 106.7000 mm): PTH pad 5 [<no net>] of U1
[silk_over_copper]: Silkscreen clipped by solder mask
    Local override; warning
    @(65.4000 mm, 122.6240 mm): Segment of U1 on F.Silkscreen
    @(66.2760 mm, 115.7000 mm): PTH pad 3 [<no net>] of U1
[silk_over_copper]: Silkscreen clipped by solder mask
    Local override; warning
    @(65.4000 mm, 122.6240 mm): Segment of U1 on F.Silkscreen
    @(66.2760 mm, 106.7000 mm): PTH pad 5 [<no net>] of U1
[silk_over_copper]: Silkscreen clipped by solder mask
    Local override; warning
    @(77.6000 mm, 105.8240 mm): Segment of U1 on F.Silkscreen
    @(76.7240 mm, 115.7000 mm): PTH pad 4 [<no net>] of U1
[silk_over_copper]: Silkscreen clipped by solder mask
    Local override; warning
    @(77.6000 mm, 105.8240 mm): Segment of U1 on F.Silkscreen
    @(76.7240 mm, 106.7000 mm): PTH pad 6 [<no net>] of U1
[silk_over_copper]: Silkscreen clipped by solder mask
    Local override; warning
    @(81.1550 mm, 56.8200 mm): Segment of J10 on F.Silkscreen
    @(120.5250 mm, 58.0900 mm): PTH pad 6 [/SDA] of J10
[silk_over_copper]: Silkscreen clipped by solder mask
    Local override; warning
    @(81.1550 mm, 56.8200 mm): Segment of J10 on F.Silkscreen
    @(117.9850 mm, 58.0900 mm): PTH pad 7 [/BUZZER3_GPIO2_ESP27] of J10
[silk_over_copper]: Silkscreen clipped by solder mask
    Local override; warning
    @(81.1550 mm, 56.8200 mm): Segment of J10 on F.Silkscreen
    @(115.4450 mm, 58.0900 mm): PTH pad 8 [unconnected-(J10-GPIO1/ESP12-Pad8)] of J10
[silk_over_copper]: Silkscreen clipped by solder mask
    Local override; warning
    @(81.1550 mm, 56.8200 mm): Segment of J10 on F.Silkscreen
    @(112.9050 mm, 58.0900 mm): PTH pad 9 [/D13_BUZZER_GPIO13] of J10
[silk_over_copper]: Silkscreen clipped by solder mask
    Local override; warning
    @(81.1550 mm, 56.8200 mm): Segment of J10 on F.Silkscreen
    @(110.3650 mm, 58.0900 mm): PTH pad 10 [unconnected-(J10-V_USB-Pad10)] of J10
[silk_over_copper]: Silkscreen clipped by solder mask
    Local override; warning
    @(81.1550 mm, 56.8200 mm): Segment of J10 on F.Silkscreen
    @(107.8250 mm, 58.0900 mm): PTH pad 11 [unconnected-(J10-EN-Pad11)] of J10
[silk_over_copper]: Silkscreen clipped by solder mask
    Local override; warning
    @(81.1550 mm, 56.8200 mm): Segment of J10 on F.Silkscreen
    @(105.2850 mm, 58.0900 mm): PTH pad 12 [/SW_BAT] of J10
[silk_over_copper]: Silkscreen clipped by solder mask
    Local override; warning
    @(81.1550 mm, 56.8200 mm): Segment of J10 on F.Silkscreen
    @(95.2500 mm, 58.2500 mm): PTH pad 1 [/SW_BAT] of 
[silk_over_copper]: Silkscreen clipped by solder mask
    Local override; warning
    @(140.8450 mm, 79.6800 mm): Segment of J10 on F.Silkscreen
    @(133.2250 mm, 78.4100 mm): PTH pad 13 [/OLED_CONFIRM] of J10
[silk_over_copper]: Silkscreen clipped by solder mask
    Local override; warning
    @(140.8450 mm, 79.6800 mm): Segment of J10 on F.Silkscreen
    @(130.6850 mm, 78.4100 mm): PTH pad 14 [unconnected-(J10-TX_ESP17-Pad14)] of J10
[silk_over_copper]: Silkscreen clipped by solder mask
    Local override; warning
    @(140.8450 mm, 79.6800 mm): Segment of J10 on F.Silkscreen
    @(128.1450 mm, 78.4100 mm): PTH pad 15 [unconnected-(J10-RX_ESP16-Pad15)] of J10
[silk_over_copper]: Silkscreen clipped by solder mask
    Local override; warning
    @(140.8450 mm, 79.6800 mm): Segment of J10 on F.Silkscreen
    @(97.6650 mm, 78.4100 mm): PTH pad 27 [/3V3] of J10
[silk_over_copper]: Silkscreen clipped by solder mask
    Local override; warning
    @(140.8450 mm, 79.6800 mm): Segment of J10 on F.Silkscreen
    @(95.1250 mm, 78.4100 mm): PTH pad 28 [unconnected-(J10-RESET-Pad28)] of J10
[silk_over_copper]: Silkscreen clipped by solder mask
    Local override; warning
    @(140.8450 mm, 79.6800 mm): Segment of J10 on F.Silkscreen
    @(105.2850 mm, 78.4100 mm): PTH pad 24 [/BUZZER2_ESP26] of J10
[silk_over_copper]: Silkscreen clipped by solder mask
    Local override; warning
    @(140.8450 mm, 79.6800 mm): Segment of J10 on F.Silkscreen
    @(102.7450 mm, 78.4100 mm): PTH pad 25 [/GND] of J10
[silk_over_copper]: Silkscreen clipped by solder mask
    Local override; warning
    @(140.8450 mm, 79.6800 mm): Segment of J10 on F.Silkscreen
    @(120.5250 mm, 78.4100 mm): PTH pad 18 [unconnected-(J10-SCK_ESP18-Pad18)] of J10
[silk_over_copper]: Silkscreen clipped by solder mask
    Local override; warning
    @(140.8450 mm, 79.6800 mm): Segment of J10 on F.Silkscreen
    @(117.9850 mm, 78.4100 mm): PTH pad 19 [/BTN_BACK_GPIO3] of J10
[silk_over_copper]: Silkscreen clipped by solder mask
    Local override; warning
    @(140.8450 mm, 79.6800 mm): Segment of J10 on F.Silkscreen
    @(115.4450 mm, 78.4100 mm): PTH pad 20 [/BTN_NEXT_GPIO4] of J10
[silk_over_copper]: Silkscreen clipped by solder mask
    Local override; warning
    @(140.8450 mm, 79.6800 mm): Segment of J10 on F.Silkscreen
    @(110.3650 mm, 78.4100 mm): PTH pad 22 [/BTN_UP_GPIO21] of J10
[silk_over_copper]: Silkscreen clipped by solder mask
    Local override; warning
    @(140.8450 mm, 79.6800 mm): Segment of J10 on F.Silkscreen
    @(107.8250 mm, 78.4100 mm): PTH pad 23 [/VBAT_SENSE_A1] of J10
[silk_over_copper]: Silkscreen clipped by solder mask
    Local override; warning
    @(140.8450 mm, 79.6800 mm): Segment of J10 on F.Silkscreen
    @(112.9050 mm, 78.4100 mm): PTH pad 21 [/BTN_DOWN_GPIO5] of J10
[silk_over_copper]: Silkscreen clipped by solder mask
    Local override; warning
    @(60.5000 mm, 81.7000 mm): Reference field of J1
    @(61.6500 mm, 81.7000 mm): PTH pad 2 [/GND] of J1
[silk_over_copper]: Silkscreen clipped by solder mask
    Local override; warning
    @(61.9000 mm, 85.7000 mm): Segment of J1 on B.Silkscreen
    @(61.6500 mm, 83.7000 mm): PTH pad 1 [/BAT_IN] of J1
[silk_over_copper]: Silkscreen clipped by solder mask
    Local override; warning
    @(61.9000 mm, 85.7000 mm): Segment of J1 on B.Silkscreen
    @(61.6500 mm, 81.7000 mm): PTH pad 2 [/GND] of J1
[silk_over_copper]: Silkscreen clipped by solder mask
    Local override; warning
    @(73.6000 mm, 91.5000 mm): Segment of C2 on B.Silkscreen
    @(74.5000 mm, 92.5000 mm): PTH pad 1 [/GND] of C2
[silk_over_copper]: Silkscreen clipped by solder mask
    Local override; warning
    @(75.4000 mm, 88.5000 mm): Segment of C2 on B.Silkscreen
    @(74.5000 mm, 87.5000 mm): PTH pad 2 [/3V3] of C2
[silk_over_copper]: Silkscreen clipped by solder mask
    Local override; warning
    @(94.3800 mm, 63.2500 mm): Segment of R4 on B.Silkscreen
    @(93.3400 mm, 63.2500 mm): PTH pad 2 [/SW_BAT] of R4
[silk_over_copper]: Silkscreen clipped by solder mask
    Local override; warning
    @(102.4600 mm, 63.2500 mm): Segment of R4 on B.Silkscreen
    @(103.5000 mm, 63.2500 mm): PTH pad 1 [/VBAT_SENSE_A1] of R4
[silk_over_copper]: Silkscreen clipped by solder mask
    Local override; warning
    @(94.3700 mm, 66.5000 mm): Segment of R5 on B.Silkscreen
    @(93.3300 mm, 66.5000 mm): PTH pad 1 [/GND] of R5
[silk_over_copper]: Silkscreen clipped by solder mask
    Local override; warning
    @(102.4500 mm, 66.5000 mm): Segment of R5 on B.Silkscreen
    @(103.4900 mm, 66.5000 mm): PTH pad 2 [/VBAT_SENSE_A1] of R5
[silk_over_copper]: Silkscreen clipped by solder mask
    Local override; warning
    @(127.0000 mm, 91.0000 mm): PCB text 'A1 battery divider route: R4/R5 100k' on B.Silkscreen
    @(132.0000 mm, 90.5000 mm): PTH pad 1 [/3V3] of 
[silk_over_copper]: Silkscreen clipped by solder mask
    Local override; warning
    @(127.0000 mm, 91.0000 mm): PCB text 'A1 battery divider route: R4/R5 100k' on B.Silkscreen
    @(127.0000 mm, 90.5000 mm): PTH pad 1 [/GND] of 
[nonmirrored_text_on_back_layer]: Non-Mirrored text on back layer
    Local override; warning
    @(108.7500 mm, 80.7500 mm): PCB text 'J5 HGLRC M100 manual pin order: RX TX VCC GND' on B.Silkscreen
[nonmirrored_text_on_back_layer]: Non-Mirrored text on back layer
    Local override; warning
    @(79.0000 mm, 55.2500 mm): PCB text 'Back side: optional external SD plus HGLRC M100' on B.Silkscreen
[nonmirrored_text_on_back_layer]: Non-Mirrored text on back layer
    Local override; warning
    @(108.0000 mm, 82.2500 mm): PCB text 'J1 bottom LiPo JST' on B.Silkscreen
[mirrored_text_on_front_layer]: Mirrored text on front layer
    Local override; warning
    @(151.5000 mm, 76.0000 mm): Reference field of J5
[mirrored_text_on_front_layer]: Mirrored text on front layer
    Local override; warning
    @(148.4000 mm, 77.4000 mm): Footprint text of J5 (manual: RX TX VCC GND)
[mirrored_text_on_front_layer]: Mirrored text on front layer
    Local override; warning
    @(156.9000 mm, 77.5000 mm): Footprint text of J5 (FRONT HGLRC M100)
[nonmirrored_text_on_back_layer]: Non-Mirrored text on back layer
    Local override; warning
    @(60.5000 mm, 81.7000 mm): Reference field of J1

** Found 3 unconnected pads **
[unconnected_items]: Missing connection between items
    Local override; error
    @(132.0000 mm, 90.5000 mm): Track [/3V3] on B.Cu, length 6.0700 mm
    @(145.8000 mm, 74.7300 mm): PTH pad 3 [/3V3] of J5
[unconnected_items]: Missing connection between items
    Local override; error
    @(142.3900 mm, 68.8000 mm): Track [/GND] on F.Cu, length 4.7942 mm
    @(145.8000 mm, 72.1900 mm): PTH pad 4 [/GND] of J5
[unconnected_items]: Missing connection between items
    Local override; error
    @(121.9200 mm, 96.6500 mm): Track [/SDA] on B.Cu, length 4.6000 mm
    @(119.3500 mm, 97.0500 mm): PTH pad 6 [/SDA] of J6

** Found 0 Footprint errors **

** Ignored checks **
    - Footprint has no courtyard defined
    - Track endpoint not centered on via
    - Tuning profile track geometries
    - Footprint doesn't match symbol's footprint filters
    - Footprint component type doesn't match footprint pads

** End of Report **
